Archive member included to satisfy reference by file (symbol)

c:/st/stm32cubeide_1.5.0/stm32cubeide/plugins/com.st.stm32cube.ide.mcu.externaltools.gnu-tools-for-stm32.7-2018-q2-update.win32_1.5.0.202011040924/tools/bin/../lib/gcc/arm-none-eabi/7.3.1/../../../../arm-none-eabi/lib/thumb/v6-m\libc_nano.a(lib_a-errno.o)
                              Core/Src/syscalls.o (__errno)
c:/st/stm32cubeide_1.5.0/stm32cubeide/plugins/com.st.stm32cube.ide.mcu.externaltools.gnu-tools-for-stm32.7-2018-q2-update.win32_1.5.0.202011040924/tools/bin/../lib/gcc/arm-none-eabi/7.3.1/../../../../arm-none-eabi/lib/thumb/v6-m\libc_nano.a(lib_a-exit.o)
                              c:/st/stm32cubeide_1.5.0/stm32cubeide/plugins/com.st.stm32cube.ide.mcu.externaltools.gnu-tools-for-stm32.7-2018-q2-update.win32_1.5.0.202011040924/tools/bin/../lib/gcc/arm-none-eabi/7.3.1/../../../../arm-none-eabi/lib/thumb/v6-m/crt0.o (exit)
c:/st/stm32cubeide_1.5.0/stm32cubeide/plugins/com.st.stm32cube.ide.mcu.externaltools.gnu-tools-for-stm32.7-2018-q2-update.win32_1.5.0.202011040924/tools/bin/../lib/gcc/arm-none-eabi/7.3.1/../../../../arm-none-eabi/lib/thumb/v6-m\libc_nano.a(lib_a-impure.o)
                              c:/st/stm32cubeide_1.5.0/stm32cubeide/plugins/com.st.stm32cube.ide.mcu.externaltools.gnu-tools-for-stm32.7-2018-q2-update.win32_1.5.0.202011040924/tools/bin/../lib/gcc/arm-none-eabi/7.3.1/../../../../arm-none-eabi/lib/thumb/v6-m\libc_nano.a(lib_a-exit.o) (_global_impure_ptr)
c:/st/stm32cubeide_1.5.0/stm32cubeide/plugins/com.st.stm32cube.ide.mcu.externaltools.gnu-tools-for-stm32.7-2018-q2-update.win32_1.5.0.202011040924/tools/bin/../lib/gcc/arm-none-eabi/7.3.1/../../../../arm-none-eabi/lib/thumb/v6-m\libc_nano.a(lib_a-init.o)
                              c:/st/stm32cubeide_1.5.0/stm32cubeide/plugins/com.st.stm32cube.ide.mcu.externaltools.gnu-tools-for-stm32.7-2018-q2-update.win32_1.5.0.202011040924/tools/bin/../lib/gcc/arm-none-eabi/7.3.1/../../../../arm-none-eabi/lib/thumb/v6-m/crt0.o (__libc_init_array)
c:/st/stm32cubeide_1.5.0/stm32cubeide/plugins/com.st.stm32cube.ide.mcu.externaltools.gnu-tools-for-stm32.7-2018-q2-update.win32_1.5.0.202011040924/tools/bin/../lib/gcc/arm-none-eabi/7.3.1/../../../../arm-none-eabi/lib/thumb/v6-m\libc_nano.a(lib_a-memcpy-stub.o)
                              Core/Src/main.o (memcpy)
c:/st/stm32cubeide_1.5.0/stm32cubeide/plugins/com.st.stm32cube.ide.mcu.externaltools.gnu-tools-for-stm32.7-2018-q2-update.win32_1.5.0.202011040924/tools/bin/../lib/gcc/arm-none-eabi/7.3.1/../../../../arm-none-eabi/lib/thumb/v6-m\libc_nano.a(lib_a-memset.o)
                              c:/st/stm32cubeide_1.5.0/stm32cubeide/plugins/com.st.stm32cube.ide.mcu.externaltools.gnu-tools-for-stm32.7-2018-q2-update.win32_1.5.0.202011040924/tools/bin/../lib/gcc/arm-none-eabi/7.3.1/../../../../arm-none-eabi/lib/thumb/v6-m/crt0.o (memset)
c:/st/stm32cubeide_1.5.0/stm32cubeide/plugins/com.st.stm32cube.ide.mcu.externaltools.gnu-tools-for-stm32.7-2018-q2-update.win32_1.5.0.202011040924/tools/bin/../lib/gcc/arm-none-eabi/7.3.1/../../../../arm-none-eabi/lib/thumb/v6-m\libc_nano.a(lib_a-strlen.o)
                              Core/Src/lcd.o (strlen)
c:/st/stm32cubeide_1.5.0/stm32cubeide/plugins/com.st.stm32cube.ide.mcu.externaltools.gnu-tools-for-stm32.7-2018-q2-update.win32_1.5.0.202011040924/tools/bin/../lib/gcc/arm-none-eabi/7.3.1/thumb/v6-m\libgcc.a(_udivsi3.o)
                              Core/Src/system_stm32f0xx.o (__aeabi_uidiv)
c:/st/stm32cubeide_1.5.0/stm32cubeide/plugins/com.st.stm32cube.ide.mcu.externaltools.gnu-tools-for-stm32.7-2018-q2-update.win32_1.5.0.202011040924/tools/bin/../lib/gcc/arm-none-eabi/7.3.1/thumb/v6-m\libgcc.a(_dvmd_tls.o)
                              c:/st/stm32cubeide_1.5.0/stm32cubeide/plugins/com.st.stm32cube.ide.mcu.externaltools.gnu-tools-for-stm32.7-2018-q2-update.win32_1.5.0.202011040924/tools/bin/../lib/gcc/arm-none-eabi/7.3.1/thumb/v6-m\libgcc.a(_udivsi3.o) (__aeabi_idiv0)

Allocating common symbols
Common symbol       size              file

hi2c1               0x4c              Core/Src/i2c.o
uwTick              0x4               Drivers/STM32F0xx_HAL_Driver/Src/stm32f0xx_hal.o
pFlash              0x20              Drivers/STM32F0xx_HAL_Driver/Src/stm32f0xx_hal_flash.o

Discarded input sections

 .text          0x0000000000000000        0x0 c:/st/stm32cubeide_1.5.0/stm32cubeide/plugins/com.st.stm32cube.ide.mcu.externaltools.gnu-tools-for-stm32.7-2018-q2-update.win32_1.5.0.202011040924/tools/bin/../lib/gcc/arm-none-eabi/7.3.1/thumb/v6-m/crti.o
 .data          0x0000000000000000        0x0 c:/st/stm32cubeide_1.5.0/stm32cubeide/plugins/com.st.stm32cube.ide.mcu.externaltools.gnu-tools-for-stm32.7-2018-q2-update.win32_1.5.0.202011040924/tools/bin/../lib/gcc/arm-none-eabi/7.3.1/thumb/v6-m/crti.o
[...]
Memory Configuration

Name             Origin             Length             Attributes
RAM              0x0000000020000000 0x0000000000004000 xrw
FLASH            0x0000000008000000 0x0000000000020000 xr
*default*        0x0000000000000000 0xffffffffffffffff

Linker script and memory map

LOAD c:/st/stm32cubeide_1.5.0/stm32cubeide/plugins/com.st.stm32cube.ide.mcu.externaltools.gnu-tools-for-stm32.7-2018-q2-update.win32_1.5.0.202011040924/tools/bin/../lib/gcc/arm-none-eabi/7.3.1/thumb/v6-m/crti.o
LOAD c:/st/stm32cubeide_1.5.0/stm32cubeide/plugins/com.st.stm32cube.ide.mcu.externaltools.gnu-tools-for-stm32.7-2018-q2-update.win32_1.5.0.202011040924/tools/bin/../lib/gcc/arm-none-eabi/7.3.1/thumb/v6-m/crtbegin.o
LOAD c:/st/stm32cubeide_1.5.0/stm32cubeide/plugins/com.st.stm32cube.ide.mcu.externaltools.gnu-tools-for-stm32.7-2018-q2-update.win32_1.5.0.202011040924/tools/bin/../lib/gcc/arm-none-eabi/7.3.1/../../../../arm-none-eabi/lib/thumb/v6-m/crt0.o
LOAD Core/Src/i2c.o
LOAD Core/Src/it.o
LOAD Core/Src/lcd.o
LOAD Core/Src/main.o
LOAD Core/Src/msp.o
LOAD Core/Src/syscalls.o
LOAD Core/Src/sysmem.o
LOAD Core/Src/system_stm32f0xx.o
LOAD Core/Startup/startup_stm32f072rbtx.o
LOAD Drivers/STM32F0xx_HAL_Driver/Src/stm32f0xx_hal.o
LOAD Drivers/STM32F0xx_HAL_Driver/Src/stm32f0xx_hal_cortex.o
LOAD Drivers/STM32F0xx_HAL_Driver/Src/stm32f0xx_hal_dma.o
LOAD Drivers/STM32F0xx_HAL_Driver/Src/stm32f0xx_hal_exti.o
LOAD Drivers/STM32F0xx_HAL_Driver/Src/stm32f0xx_hal_flash.o
LOAD Drivers/STM32F0xx_HAL_Driver/Src/stm32f0xx_hal_flash_ex.o
LOAD Drivers/STM32F0xx_HAL_Driver/Src/stm32f0xx_hal_gpio.o
LOAD Drivers/STM32F0xx_HAL_Driver/Src/stm32f0xx_hal_i2c.o
LOAD Drivers/STM32F0xx_HAL_Driver/Src/stm32f0xx_hal_i2c_ex.o
LOAD Drivers/STM32F0xx_HAL_Driver/Src/stm32f0xx_hal_pwr.o
LOAD Drivers/STM32F0xx_HAL_Driver/Src/stm32f0xx_hal_pwr_ex.o
LOAD Drivers/STM32F0xx_HAL_Driver/Src/stm32f0xx_hal_rcc.o
LOAD Drivers/STM32F0xx_HAL_Driver/Src/stm32f0xx_hal_rcc_ex.o
LOAD Drivers/STM32F0xx_HAL_Driver/Src/stm32f0xx_hal_tim.o
LOAD Drivers/STM32F0xx_HAL_Driver/Src/stm32f0xx_hal_tim_ex.o
START GROUP
LOAD c:/st/stm32cubeide_1.5.0/stm32cubeide/plugins/com.st.stm32cube.ide.mcu.externaltools.gnu-tools-for-stm32.7-2018-q2-update.win32_1.5.0.202011040924/tools/bin/../lib/gcc/arm-none-eabi/7.3.1/../../../../arm-none-eabi/lib/thumb/v6-m\libc_nano.a
LOAD c:/st/stm32cubeide_1.5.0/stm32cubeide/plugins/com.st.stm32cube.ide.mcu.externaltools.gnu-tools-for-stm32.7-2018-q2-update.win32_1.5.0.202011040924/tools/bin/../lib/gcc/arm-none-eabi/7.3.1/../../../../arm-none-eabi/lib/thumb/v6-m\libm.a
END GROUP
START GROUP
LOAD c:/st/stm32cubeide_1.5.0/stm32cubeide/plugins/com.st.stm32cube.ide.mcu.externaltools.gnu-tools-for-stm32.7-2018-q2-update.win32_1.5.0.202011040924/tools/bin/../lib/gcc/arm-none-eabi/7.3.1/thumb/v6-m\libgcc.a
LOAD c:/st/stm32cubeide_1.5.0/stm32cubeide/plugins/com.st.stm32cube.ide.mcu.externaltools.gnu-tools-for-stm32.7-2018-q2-update.win32_1.5.0.202011040924/tools/bin/../lib/gcc/arm-none-eabi/7.3.1/../../../../arm-none-eabi/lib/thumb/v6-m\libc_nano.a
END GROUP
START GROUP
LOAD c:/st/stm32cubeide_1.5.0/stm32cubeide/plugins/com.st.stm32cube.ide.mcu.externaltools.gnu-tools-for-stm32.7-2018-q2-update.win32_1.5.0.202011040924/tools/bin/../lib/gcc/arm-none-eabi/7.3.1/thumb/v6-m\libgcc.a
LOAD c:/st/stm32cubeide_1.5.0/stm32cubeide/plugins/com.st.stm32cube.ide.mcu.externaltools.gnu-tools-for-stm32.7-2018-q2-update.win32_1.5.0.202011040924/tools/bin/../lib/gcc/arm-none-eabi/7.3.1/../../../../arm-none-eabi/lib/thumb/v6-m\libc_nano.a
LOAD c:/st/stm32cubeide_1.5.0/stm32cubeide/plugins/com.st.stm32cube.ide.mcu.externaltools.gnu-tools-for-stm32.7-2018-q2-update.win32_1.5.0.202011040924/tools/bin/../lib/gcc/arm-none-eabi/7.3.1/../../../../arm-none-eabi/lib/thumb/v6-m\libnosys.a
END GROUP
START GROUP
LOAD c:/st/stm32cubeide_1.5.0/stm32cubeide/plugins/com.st.stm32cube.ide.mcu.externaltools.gnu-tools-for-stm32.7-2018-q2-update.win32_1.5.0.202011040924/tools/bin/../lib/gcc/arm-none-eabi/7.3.1/thumb/v6-m\libgcc.a
LOAD c:/st/stm32cubeide_1.5.0/stm32cubeide/plugins/com.st.stm32cube.ide.mcu.externaltools.gnu-tools-for-stm32.7-2018-q2-update.win32_1.5.0.202011040924/tools/bin/../lib/gcc/arm-none-eabi/7.3.1/../../../../arm-none-eabi/lib/thumb/v6-m\libc_nano.a
LOAD c:/st/stm32cubeide_1.5.0/stm32cubeide/plugins/com.st.stm32cube.ide.mcu.externaltools.gnu-tools-for-stm32.7-2018-q2-update.win32_1.5.0.202011040924/tools/bin/../lib/gcc/arm-none-eabi/7.3.1/../../../../arm-none-eabi/lib/thumb/v6-m\libnosys.a
END GROUP
LOAD c:/st/stm32cubeide_1.5.0/stm32cubeide/plugins/com.st.stm32cube.ide.mcu.externaltools.gnu-tools-for-stm32.7-2018-q2-update.win32_1.5.0.202011040924/tools/bin/../lib/gcc/arm-none-eabi/7.3.1/thumb/v6-m/crtend.o
LOAD c:/st/stm32cubeide_1.5.0/stm32cubeide/plugins/com.st.stm32cube.ide.mcu.externaltools.gnu-tools-for-stm32.7-2018-q2-update.win32_1.5.0.202011040924/tools/bin/../lib/gcc/arm-none-eabi/7.3.1/thumb/v6-m/crtn.o
                0x0000000020004000                _estack = (ORIGIN (RAM) + LENGTH (RAM))
                0x0000000000000200                _Min_Heap_Size = 0x200
                0x0000000000000400                _Min_Stack_Size = 0x400

.isr_vector     0x0000000008000000       0xc0
                0x0000000008000000                . = ALIGN (0x4)
 *(.isr_vector)
 .isr_vector    0x0000000008000000       0xc0 Core/Startup/startup_stm32f072rbtx.o
                0x0000000008000000                g_pfnVectors
                0x00000000080000c0                . = ALIGN (0x4)

.text           0x00000000080000c0     0x12d8
                0x00000000080000c0                . = ALIGN (0x4)
 *(.text)
 .text          0x00000000080000c0       0x48 c:/st/stm32cubeide_1.5.0/stm32cubeide/plugins/com.st.stm32cube.ide.mcu.externaltools.gnu-tools-for-stm32.7-2018-q2-update.win32_1.5.0.202011040924/tools/bin/../lib/gcc/arm-none-eabi/7.3.1/thumb/v6-m/crtbegin.o
 .text          0x0000000008000108        0xe c:/st/stm32cubeide_1.5.0/stm32cubeide/plugins/com.st.stm32cube.ide.mcu.externaltools.gnu-tools-for-stm32.7-2018-q2-update.win32_1.5.0.202011040924/tools/bin/../lib/gcc/arm-none-eabi/7.3.1/../../../../arm-none-eabi/lib/thumb/v6-m\libc_nano.a(lib_a-strlen.o)
                0x0000000008000108                strlen
 *fill*         0x0000000008000116        0x2 
 .text          0x0000000008000118      0x114 c:/st/stm32cubeide_1.5.0/stm32cubeide/plugins/com.st.stm32cube.ide.mcu.externaltools.gnu-tools-for-stm32.7-2018-q2-update.win32_1.5.0.202011040924/tools/bin/../lib/gcc/arm-none-eabi/7.3.1/thumb/v6-m\libgcc.a(_udivsi3.o)
                0x0000000008000118                __aeabi_uidiv
                0x0000000008000118                __udivsi3
                0x0000000008000224                __aeabi_uidivmod
 .text          0x000000000800022c        0x4 c:/st/stm32cubeide_1.5.0/stm32cubeide/plugins/com.st.stm32cube.ide.mcu.externaltools.gnu-tools-for-stm32.7-2018-q2-update.win32_1.5.0.202011040924/tools/bin/../lib/gcc/arm-none-eabi/7.3.1/thumb/v6-m\libgcc.a(_dvmd_tls.o)
                0x000000000800022c                __aeabi_idiv0
                0x000000000800022c                __aeabi_ldiv0
 *(.text*)
 .text.i2c1_init
                0x0000000008000230       0x70 Core/Src/i2c.o
                0x0000000008000230                i2c1_init
 .text.NMI_Handler
                0x00000000080002a0        0x6 Core/Src/it.o
                0x00000000080002a0                NMI_Handler
 .text.HardFault_Handler
                0x00000000080002a6        0x6 Core/Src/it.o
                0x00000000080002a6                HardFault_Handler
 .text.SysTick_Handler
                0x00000000080002ac        0xe Core/Src/it.o
                0x00000000080002ac                SysTick_Handler
 *fill*         0x00000000080002ba        0x2 
 .text.lcd_write
                0x00000000080002bc       0xb4 Core/Src/lcd.o
 .text.lcd_init
                0x0000000008000370       0x9e Core/Src/lcd.o
                0x0000000008000370                lcd_init
 .text.lcd_clear
                0x000000000800040e       0x3c Core/Src/lcd.o
                0x000000000800040e                lcd_clear
 .text.lcd_update
                0x000000000800044a       0xd2 Core/Src/lcd.o
                0x000000000800044a                lcd_update
 .text.main     0x000000000800051c       0x5c Core/Src/main.o
                0x000000000800051c                main
 .text.error_handler
                0x0000000008000578        0x6 Core/Src/main.o
                0x0000000008000578                error_handler
 *fill*         0x000000000800057e        0x2 
 .text.HAL_MspInit
                0x0000000008000580       0x48 Core/Src/msp.o
                0x0000000008000580                HAL_MspInit
 .text.HAL_I2C_MspInit
                0x00000000080005c8       0x9c Core/Src/msp.o
                0x00000000080005c8                HAL_I2C_MspInit
 .text.SystemInit
                0x0000000008000664        0xa Core/Src/system_stm32f0xx.o
                0x0000000008000664                SystemInit
 *fill*         0x000000000800066e        0x2 
 .text.Reset_Handler
                0x0000000008000670       0x50 Core/Startup/startup_stm32f072rbtx.o
                0x0000000008000670                Reset_Handler
 .text.Default_Handler
                0x00000000080006c0        0x2 Core/Startup/startup_stm32f072rbtx.o
                0x00000000080006c0                TIM1_CC_IRQHandler
                0x00000000080006c0                TSC_IRQHandler
                0x00000000080006c0                ADC1_COMP_IRQHandler
                0x00000000080006c0                PendSV_Handler
                0x00000000080006c0                I2C1_IRQHandler
                0x00000000080006c0                RCC_CRS_IRQHandler
                0x00000000080006c0                SPI1_IRQHandler
                0x00000000080006c0                TIM6_DAC_IRQHandler
                0x00000000080006c0                USART3_4_IRQHandler
                0x00000000080006c0                EXTI2_3_IRQHandler
                0x00000000080006c0                I2C2_IRQHandler
                0x00000000080006c0                TIM17_IRQHandler
                0x00000000080006c0                CEC_CAN_IRQHandler
                0x00000000080006c0                RTC_IRQHandler
                0x00000000080006c0                PVD_VDDIO2_IRQHandler
                0x00000000080006c0                DMA1_Channel4_5_6_7_IRQHandler
                0x00000000080006c0                TIM16_IRQHandler
                0x00000000080006c0                TIM3_IRQHandler
                0x00000000080006c0                EXTI4_15_IRQHandler
                0x00000000080006c0                DMA1_Channel1_IRQHandler
                0x00000000080006c0                Default_Handler
                0x00000000080006c0                TIM14_IRQHandler
                0x00000000080006c0                TIM7_IRQHandler
                0x00000000080006c0                TIM15_IRQHandler
                0x00000000080006c0                EXTI0_1_IRQHandler
                0x00000000080006c0                USB_IRQHandler
                0x00000000080006c0                SPI2_IRQHandler
                0x00000000080006c0                SVC_Handler
                0x00000000080006c0                WWDG_IRQHandler
                0x00000000080006c0                TIM2_IRQHandler
                0x00000000080006c0                DMA1_Channel2_3_IRQHandler
                0x00000000080006c0                USART2_IRQHandler
                0x00000000080006c0                FLASH_IRQHandler
                0x00000000080006c0                USART1_IRQHandler
                0x00000000080006c0                TIM1_BRK_UP_TRG_COM_IRQHandler
 *fill*         0x00000000080006c2        0x2 
 .text.HAL_Init
                0x00000000080006c4       0x28 Drivers/STM32F0xx_HAL_Driver/Src/stm32f0xx_hal.o
                0x00000000080006c4                HAL_Init
 .text.HAL_InitTick
                0x00000000080006ec       0x68 Drivers/STM32F0xx_HAL_Driver/Src/stm32f0xx_hal.o
                0x00000000080006ec                HAL_InitTick
 .text.HAL_IncTick
                0x0000000008000754       0x24 Drivers/STM32F0xx_HAL_Driver/Src/stm32f0xx_hal.o
                0x0000000008000754                HAL_IncTick
 .text.HAL_GetTick
                0x0000000008000778       0x14 Drivers/STM32F0xx_HAL_Driver/Src/stm32f0xx_hal.o
                0x0000000008000778                HAL_GetTick
 .text.HAL_Delay
                0x000000000800078c       0x44 Drivers/STM32F0xx_HAL_Driver/Src/stm32f0xx_hal.o
                0x000000000800078c                HAL_Delay
 .text.__NVIC_SetPriority
                0x00000000080007d0       0xdc Drivers/STM32F0xx_HAL_Driver/Src/stm32f0xx_hal_cortex.o
 .text.SysTick_Config
                0x00000000080008ac       0x48 Drivers/STM32F0xx_HAL_Driver/Src/stm32f0xx_hal_cortex.o
 .text.HAL_NVIC_SetPriority
                0x00000000080008f4       0x2a Drivers/STM32F0xx_HAL_Driver/Src/stm32f0xx_hal_cortex.o
                0x00000000080008f4                HAL_NVIC_SetPriority
 .text.HAL_SYSTICK_Config
                0x000000000800091e       0x1a Drivers/STM32F0xx_HAL_Driver/Src/stm32f0xx_hal_cortex.o
                0x000000000800091e                HAL_SYSTICK_Config
 .text.HAL_GPIO_Init
                0x0000000008000938      0x2f0 Drivers/STM32F0xx_HAL_Driver/Src/stm32f0xx_hal_gpio.o
                0x0000000008000938                HAL_GPIO_Init
 .text.HAL_I2C_Init
                0x0000000008000c28      0x12c Drivers/STM32F0xx_HAL_Driver/Src/stm32f0xx_hal_i2c.o
                0x0000000008000c28                HAL_I2C_Init
 .text.HAL_I2C_Master_Transmit
                0x0000000008000d54      0x210 Drivers/STM32F0xx_HAL_Driver/Src/stm32f0xx_hal_i2c.o
                0x0000000008000d54                HAL_I2C_Master_Transmit
 .text.I2C_Flush_TXDR
                0x0000000008000f64       0x44 Drivers/STM32F0xx_HAL_Driver/Src/stm32f0xx_hal_i2c.o
 .text.I2C_WaitOnFlagUntilTimeout
                0x0000000008000fa8       0x7e Drivers/STM32F0xx_HAL_Driver/Src/stm32f0xx_hal_i2c.o
 .text.I2C_WaitOnTXISFlagUntilTimeout
                0x0000000008001026       0x7e Drivers/STM32F0xx_HAL_Driver/Src/stm32f0xx_hal_i2c.o
 .text.I2C_WaitOnSTOPFlagUntilTimeout
                0x00000000080010a4       0x78 Drivers/STM32F0xx_HAL_Driver/Src/stm32f0xx_hal_i2c.o
 .text.I2C_IsAcknowledgeFailed
                0x000000000800111c       0xf4 Drivers/STM32F0xx_HAL_Driver/Src/stm32f0xx_hal_i2c.o
 .text.I2C_TransferConfig
                0x0000000008001210       0x6c Drivers/STM32F0xx_HAL_Driver/Src/stm32f0xx_hal_i2c.o
 .text.HAL_I2CEx_ConfigAnalogFilter
                0x000000000800127c       0x98 Drivers/STM32F0xx_HAL_Driver/Src/stm32f0xx_hal_i2c_ex.o
                0x000000000800127c                HAL_I2CEx_ConfigAnalogFilter
 .text.__libc_init_array
                0x0000000008001314       0x48 c:/st/stm32cubeide_1.5.0/stm32cubeide/plugins/com.st.stm32cube.ide.mcu.externaltools.gnu-tools-for-stm32.7-2018-q2-update.win32_1.5.0.202011040924/tools/bin/../lib/gcc/arm-none-eabi/7.3.1/../../../../arm-none-eabi/lib/thumb/v6-m\libc_nano.a(lib_a-init.o)
                0x0000000008001314                __libc_init_array
 .text.memcpy   0x000000000800135c       0x12 c:/st/stm32cubeide_1.5.0/stm32cubeide/plugins/com.st.stm32cube.ide.mcu.externaltools.gnu-tools-for-stm32.7-2018-q2-update.win32_1.5.0.202011040924/tools/bin/../lib/gcc/arm-none-eabi/7.3.1/../../../../arm-none-eabi/lib/thumb/v6-m\libc_nano.a(lib_a-memcpy-stub.o)
                0x000000000800135c                memcpy
 .text.memset   0x000000000800136e       0x10 c:/st/stm32cubeide_1.5.0/stm32cubeide/plugins/com.st.stm32cube.ide.mcu.externaltools.gnu-tools-for-stm32.7-2018-q2-update.win32_1.5.0.202011040924/tools/bin/../lib/gcc/arm-none-eabi/7.3.1/../../../../arm-none-eabi/lib/thumb/v6-m\libc_nano.a(lib_a-memset.o)
                0x000000000800136e                memset
 *(.glue_7)
 .glue_7        0x000000000800137e        0x0 linker stubs
 *(.glue_7t)
 .glue_7t       0x000000000800137e        0x0 linker stubs
 *(.eh_frame)
 *fill*         0x000000000800137e        0x2 
 .eh_frame      0x0000000008001380        0x0 c:/st/stm32cubeide_1.5.0/stm32cubeide/plugins/com.st.stm32cube.ide.mcu.externaltools.gnu-tools-for-stm32.7-2018-q2-update.win32_1.5.0.202011040924/tools/bin/../lib/gcc/arm-none-eabi/7.3.1/thumb/v6-m/crtbegin.o
 *(.init)
 .init          0x0000000008001380        0x4 c:/st/stm32cubeide_1.5.0/stm32cubeide/plugins/com.st.stm32cube.ide.mcu.externaltools.gnu-tools-for-stm32.7-2018-q2-update.win32_1.5.0.202011040924/tools/bin/../lib/gcc/arm-none-eabi/7.3.1/thumb/v6-m/crti.o
                0x0000000008001380                _init
 .init          0x0000000008001384        0x8 c:/st/stm32cubeide_1.5.0/stm32cubeide/plugins/com.st.stm32cube.ide.mcu.externaltools.gnu-tools-for-stm32.7-2018-q2-update.win32_1.5.0.202011040924/tools/bin/../lib/gcc/arm-none-eabi/7.3.1/thumb/v6-m/crtn.o
 *(.fini)
 .fini          0x000000000800138c        0x4 c:/st/stm32cubeide_1.5.0/stm32cubeide/plugins/com.st.stm32cube.ide.mcu.externaltools.gnu-tools-for-stm32.7-2018-q2-update.win32_1.5.0.202011040924/tools/bin/../lib/gcc/arm-none-eabi/7.3.1/thumb/v6-m/crti.o
                0x000000000800138c                _fini
 .fini          0x0000000008001390        0x8 c:/st/stm32cubeide_1.5.0/stm32cubeide/plugins/com.st.stm32cube.ide.mcu.externaltools.gnu-tools-for-stm32.7-2018-q2-update.win32_1.5.0.202011040924/tools/bin/../lib/gcc/arm-none-eabi/7.3.1/thumb/v6-m/crtn.o
                0x0000000008001398                . = ALIGN (0x4)
                0x0000000008001398                _etext = .

.vfp11_veneer   0x0000000008001398        0x0
 .vfp11_veneer  0x0000000008001398        0x0 linker stubs

.v4_bx          0x0000000008001398        0x0
 .v4_bx         0x0000000008001398        0x0 linker stubs

.iplt           0x0000000008001398        0x0
 .iplt          0x0000000008001398        0x0 c:/st/stm32cubeide_1.5.0/stm32cubeide/plugins/com.st.stm32cube.ide.mcu.externaltools.gnu-tools-for-stm32.7-2018-q2-update.win32_1.5.0.202011040924/tools/bin/../lib/gcc/arm-none-eabi/7.3.1/thumb/v6-m/crtbegin.o

.rodata         0x0000000008001398       0x24
                0x0000000008001398                . = ALIGN (0x4)
 *(.rodata)
 .rodata        0x0000000008001398       0x23 Core/Src/main.o
 *(.rodata*)
                0x00000000080013bc                . = ALIGN (0x4)
 *fill*         0x00000000080013bb        0x1 

.rel.dyn        0x00000000080013bc        0x0
 .rel.iplt      0x00000000080013bc        0x0 c:/st/stm32cubeide_1.5.0/stm32cubeide/plugins/com.st.stm32cube.ide.mcu.externaltools.gnu-tools-for-stm32.7-2018-q2-update.win32_1.5.0.202011040924/tools/bin/../lib/gcc/arm-none-eabi/7.3.1/thumb/v6-m/crtbegin.o

.ARM.extab      0x00000000080013bc        0x0
                0x00000000080013bc                . = ALIGN (0x4)
 *(.ARM.extab* .gnu.linkonce.armextab.*)
                0x00000000080013bc                . = ALIGN (0x4)

.ARM            0x00000000080013bc        0x0
                0x00000000080013bc                . = ALIGN (0x4)
                0x00000000080013bc                __exidx_start = .
 *(.ARM.exidx*)
                0x00000000080013bc                __exidx_end = .
                0x00000000080013bc                . = ALIGN (0x4)

.preinit_array  0x00000000080013bc        0x0
                0x00000000080013bc                . = ALIGN (0x4)
                0x00000000080013bc                PROVIDE (__preinit_array_start = .)
 *(.preinit_array*)
                0x00000000080013bc                PROVIDE (__preinit_array_end = .)
                0x00000000080013bc                . = ALIGN (0x4)

.init_array     0x00000000080013bc        0x4
                0x00000000080013bc                . = ALIGN (0x4)
                0x00000000080013bc                PROVIDE (__init_array_start = .)
 *(SORT_BY_NAME(.init_array.*))
 *(.init_array*)
 .init_array    0x00000000080013bc        0x4 c:/st/stm32cubeide_1.5.0/stm32cubeide/plugins/com.st.stm32cube.ide.mcu.externaltools.gnu-tools-for-stm32.7-2018-q2-update.win32_1.5.0.202011040924/tools/bin/../lib/gcc/arm-none-eabi/7.3.1/thumb/v6-m/crtbegin.o
                0x00000000080013c0                PROVIDE (__init_array_end = .)
                0x00000000080013c0                . = ALIGN (0x4)

.fini_array     0x00000000080013c0        0x4
                0x00000000080013c0                . = ALIGN (0x4)
                [!provide]                        PROVIDE (__fini_array_start = .)
 *(SORT_BY_NAME(.fini_array.*))
 *(.fini_array*)
 .fini_array    0x00000000080013c0        0x4 c:/st/stm32cubeide_1.5.0/stm32cubeide/plugins/com.st.stm32cube.ide.mcu.externaltools.gnu-tools-for-stm32.7-2018-q2-update.win32_1.5.0.202011040924/tools/bin/../lib/gcc/arm-none-eabi/7.3.1/thumb/v6-m/crtbegin.o
                [!provide]                        PROVIDE (__fini_array_end = .)
                0x00000000080013c4                . = ALIGN (0x4)
                0x00000000080013c4                _sidata = LOADADDR (.data)

.data           0x0000000020000000        0xc load address 0x00000000080013c4
                0x0000000020000000                . = ALIGN (0x4)
                0x0000000020000000                _sdata = .
 *(.data)
 *(.data*)
 .data.SystemCoreClock
                0x0000000020000000        0x4 Core/Src/system_stm32f0xx.o
                0x0000000020000000                SystemCoreClock
 .data.uwTickPrio
                0x0000000020000004        0x4 Drivers/STM32F0xx_HAL_Driver/Src/stm32f0xx_hal.o
                0x0000000020000004                uwTickPrio
 .data.uwTickFreq
                0x0000000020000008        0x1 Drivers/STM32F0xx_HAL_Driver/Src/stm32f0xx_hal.o
                0x0000000020000008                uwTickFreq
 *(.RamFunc)
 *(.RamFunc*)
                0x000000002000000c                . = ALIGN (0x4)
 *fill*         0x0000000020000009        0x3 
                0x000000002000000c                _edata = .

.igot.plt       0x000000002000000c        0x0 load address 0x00000000080013d0
 .igot.plt      0x000000002000000c        0x0 c:/st/stm32cubeide_1.5.0/stm32cubeide/plugins/com.st.stm32cube.ide.mcu.externaltools.gnu-tools-for-stm32.7-2018-q2-update.win32_1.5.0.202011040924/tools/bin/../lib/gcc/arm-none-eabi/7.3.1/thumb/v6-m/crtbegin.o
                0x000000002000000c                . = ALIGN (0x4)

.bss            0x000000002000000c       0x6c load address 0x00000000080013d0
                0x000000002000000c                _sbss = .
                0x000000002000000c                __bss_start__ = _sbss
 *(.bss)
 .bss           0x000000002000000c       0x1c c:/st/stm32cubeide_1.5.0/stm32cubeide/plugins/com.st.stm32cube.ide.mcu.externaltools.gnu-tools-for-stm32.7-2018-q2-update.win32_1.5.0.202011040924/tools/bin/../lib/gcc/arm-none-eabi/7.3.1/thumb/v6-m/crtbegin.o
 *(.bss*)
 *(COMMON)
 COMMON         0x0000000020000028       0x4c Core/Src/i2c.o
                0x0000000020000028                hi2c1
 COMMON         0x0000000020000074        0x4 Drivers/STM32F0xx_HAL_Driver/Src/stm32f0xx_hal.o
                0x0000000020000074                uwTick
                0x0000000020000078                . = ALIGN (0x4)
                0x0000000020000078                _ebss = .
                0x0000000020000078                __bss_end__ = _ebss

._user_heap_stack
                0x0000000020000078      0x600 load address 0x00000000080013d0
                0x0000000020000078                . = ALIGN (0x8)
                [!provide]                        PROVIDE (end = .)
                0x0000000020000078                PROVIDE (_end = .)
                0x0000000020000278                . = (. + _Min_Heap_Size)
 *fill*         0x0000000020000078      0x200 
                0x0000000020000678                . = (. + _Min_Stack_Size)
 *fill*         0x0000000020000278      0x400 
                0x0000000020000678                . = ALIGN (0x8)

/DISCARD/
 libc.a(*)
 libm.a(*)
 libgcc.a(*)

.ARM.attributes
                0x0000000000000000       0x28
 *(.ARM.attributes)
 .ARM.attributes
                0x0000000000000000       0x1e c:/st/stm32cubeide_1.5.0/stm32cubeide/plugins/com.st.stm32cube.ide.mcu.externaltools.gnu-tools-for-stm32.7-2018-q2-update.win32_1.5.0.202011040924/tools/bin/../lib/gcc/arm-none-eabi/7.3.1/thumb/v6-m/crti.o
 .ARM.attributes
                0x000000000000001e       0x2c c:/st/stm32cubeide_1.5.0/stm32cubeide/plugins/com.st.stm32cube.ide.mcu.externaltools.gnu-tools-for-stm32.7-2018-q2-update.win32_1.5.0.202011040924/tools/bin/../lib/gcc/arm-none-eabi/7.3.1/thumb/v6-m/crtbegin.o
 .ARM.attributes
                0x000000000000004a       0x31 Core/Src/i2c.o
 .ARM.attributes
                0x000000000000007b       0x31 Core/Src/it.o
 .ARM.attributes
                0x00000000000000ac       0x31 Core/Src/lcd.o
 .ARM.attributes
                0x00000000000000dd       0x31 Core/Src/main.o
 .ARM.attributes
                0x000000000000010e       0x31 Core/Src/msp.o
 .ARM.attributes
                0x000000000000013f       0x31 Core/Src/system_stm32f0xx.o
 .ARM.attributes
                0x0000000000000170       0x21 Core/Startup/startup_stm32f072rbtx.o
 .ARM.attributes
                0x0000000000000191       0x31 Drivers/STM32F0xx_HAL_Driver/Src/stm32f0xx_hal.o
 .ARM.attributes
                0x00000000000001c2       0x31 Drivers/STM32F0xx_HAL_Driver/Src/stm32f0xx_hal_cortex.o
 .ARM.attributes
                0x00000000000001f3       0x31 Drivers/STM32F0xx_HAL_Driver/Src/stm32f0xx_hal_gpio.o
 .ARM.attributes
                0x0000000000000224       0x31 Drivers/STM32F0xx_HAL_Driver/Src/stm32f0xx_hal_i2c.o
 .ARM.attributes
                0x0000000000000255       0x31 Drivers/STM32F0xx_HAL_Driver/Src/stm32f0xx_hal_i2c_ex.o
 .ARM.attributes
                0x0000000000000286       0x2c c:/st/stm32cubeide_1.5.0/stm32cubeide/plugins/com.st.stm32cube.ide.mcu.externaltools.gnu-tools-for-stm32.7-2018-q2-update.win32_1.5.0.202011040924/tools/bin/../lib/gcc/arm-none-eabi/7.3.1/../../../../arm-none-eabi/lib/thumb/v6-m\libc_nano.a(lib_a-init.o)
 .ARM.attributes
                0x00000000000002b2       0x2c c:/st/stm32cubeide_1.5.0/stm32cubeide/plugins/com.st.stm32cube.ide.mcu.externaltools.gnu-tools-for-stm32.7-2018-q2-update.win32_1.5.0.202011040924/tools/bin/../lib/gcc/arm-none-eabi/7.3.1/../../../../arm-none-eabi/lib/thumb/v6-m\libc_nano.a(lib_a-memcpy-stub.o)
 .ARM.attributes
                0x00000000000002de       0x2c c:/st/stm32cubeide_1.5.0/stm32cubeide/plugins/com.st.stm32cube.ide.mcu.externaltools.gnu-tools-for-stm32.7-2018-q2-update.win32_1.5.0.202011040924/tools/bin/../lib/gcc/arm-none-eabi/7.3.1/../../../../arm-none-eabi/lib/thumb/v6-m\libc_nano.a(lib_a-memset.o)
 .ARM.attributes
                0x000000000000030a       0x1c c:/st/stm32cubeide_1.5.0/stm32cubeide/plugins/com.st.stm32cube.ide.mcu.externaltools.gnu-tools-for-stm32.7-2018-q2-update.win32_1.5.0.202011040924/tools/bin/../lib/gcc/arm-none-eabi/7.3.1/../../../../arm-none-eabi/lib/thumb/v6-m\libc_nano.a(lib_a-strlen.o)
 .ARM.attributes
                0x0000000000000326       0x1e c:/st/stm32cubeide_1.5.0/stm32cubeide/plugins/com.st.stm32cube.ide.mcu.externaltools.gnu-tools-for-stm32.7-2018-q2-update.win32_1.5.0.202011040924/tools/bin/../lib/gcc/arm-none-eabi/7.3.1/thumb/v6-m\libgcc.a(_udivsi3.o)
 .ARM.attributes
                0x0000000000000344       0x1e c:/st/stm32cubeide_1.5.0/stm32cubeide/plugins/com.st.stm32cube.ide.mcu.externaltools.gnu-tools-for-stm32.7-2018-q2-update.win32_1.5.0.202011040924/tools/bin/../lib/gcc/arm-none-eabi/7.3.1/thumb/v6-m\libgcc.a(_dvmd_tls.o)
 .ARM.attributes
                0x0000000000000362       0x1e c:/st/stm32cubeide_1.5.0/stm32cubeide/plugins/com.st.stm32cube.ide.mcu.externaltools.gnu-tools-for-stm32.7-2018-q2-update.win32_1.5.0.202011040924/tools/bin/../lib/gcc/arm-none-eabi/7.3.1/thumb/v6-m/crtn.o
OUTPUT(Alarm_clock.elf elf32-littlearm)

.debug_info     0x0000000000000000     0x8d3f
 .debug_info    0x0000000000000000      0xe95 Core/Src/i2c.o
 .debug_info    0x0000000000000e95      0xeaa Core/Src/it.o
 .debug_info    0x0000000000001d3f      0xfee Core/Src/lcd.o
 .debug_info    0x0000000000002d2d      0xf00 Core/Src/main.o
 .debug_info    0x0000000000003c2d     0x10f1 Core/Src/msp.o
 .debug_info    0x0000000000004d1e      0x29e Core/Src/system_stm32f0xx.o
 .debug_info    0x0000000000004fbc       0x22 Core/Startup/startup_stm32f072rbtx.o
 .debug_info    0x0000000000004fde      0x6c0 Drivers/STM32F0xx_HAL_Driver/Src/stm32f0xx_hal.o
 .debug_info    0x000000000000569e      0x78c Drivers/STM32F0xx_HAL_Driver/Src/stm32f0xx_hal_cortex.o
 .debug_info    0x0000000000005e2a      0x689 Drivers/STM32F0xx_HAL_Driver/Src/stm32f0xx_hal_gpio.o
 .debug_info    0x00000000000064b3     0x1fc3 Drivers/STM32F0xx_HAL_Driver/Src/stm32f0xx_hal_i2c.o
 .debug_info    0x0000000000008476      0x8c9 Drivers/STM32F0xx_HAL_Driver/Src/stm32f0xx_hal_i2c_ex.o

.debug_abbrev   0x0000000000000000     0x144f
 .debug_abbrev  0x0000000000000000      0x1af Core/Src/i2c.o
 .debug_abbrev  0x00000000000001af      0x1ba Core/Src/it.o
 .debug_abbrev  0x0000000000000369      0x213 Core/Src/lcd.o
 .debug_abbrev  0x000000000000057c      0x1cb Core/Src/main.o
 .debug_abbrev  0x0000000000000747      0x1ee Core/Src/msp.o
 .debug_abbrev  0x0000000000000935      0x12b Core/Src/system_stm32f0xx.o
 .debug_abbrev  0x0000000000000a60       0x12 Core/Startup/startup_stm32f072rbtx.o
 .debug_abbrev  0x0000000000000a72      0x1c7 Drivers/STM32F0xx_HAL_Driver/Src/stm32f0xx_hal.o
 .debug_abbrev  0x0000000000000c39      0x273 Drivers/STM32F0xx_HAL_Driver/Src/stm32f0xx_hal_cortex.o
 .debug_abbrev  0x0000000000000eac      0x1c0 Drivers/STM32F0xx_HAL_Driver/Src/stm32f0xx_hal_gpio.o
 .debug_abbrev  0x000000000000106c      0x22a Drivers/STM32F0xx_HAL_Driver/Src/stm32f0xx_hal_i2c.o
 .debug_abbrev  0x0000000000001296      0x1b9 Drivers/STM32F0xx_HAL_Driver/Src/stm32f0xx_hal_i2c_ex.o

.debug_aranges  0x0000000000000000      0x5e8
 .debug_aranges
                0x0000000000000000       0x20 Core/Src/i2c.o
 .debug_aranges
                0x0000000000000020       0x30 Core/Src/it.o
 .debug_aranges
                0x0000000000000050       0x38 Core/Src/lcd.o
 .debug_aranges
                0x0000000000000088       0x28 Core/Src/main.o
 .debug_aranges
                0x00000000000000b0       0x28 Core/Src/msp.o
 .debug_aranges
                0x00000000000000d8       0x28 Core/Src/system_stm32f0xx.o
 .debug_aranges
                0x0000000000000100       0x28 Core/Startup/startup_stm32f072rbtx.o
 .debug_aranges
                0x0000000000000128       0xd0 Drivers/STM32F0xx_HAL_Driver/Src/stm32f0xx_hal.o
 .debug_aranges
                0x00000000000001f8       0xc0 Drivers/STM32F0xx_HAL_Driver/Src/stm32f0xx_hal_cortex.o
 .debug_aranges
                0x00000000000002b8       0x58 Drivers/STM32F0xx_HAL_Driver/Src/stm32f0xx_hal_gpio.o
 .debug_aranges
                0x0000000000000310      0x290 Drivers/STM32F0xx_HAL_Driver/Src/stm32f0xx_hal_i2c.o
 .debug_aranges
                0x00000000000005a0       0x48 Drivers/STM32F0xx_HAL_Driver/Src/stm32f0xx_hal_i2c_ex.o

.debug_ranges   0x0000000000000000      0x530
 .debug_ranges  0x0000000000000000       0x10 Core/Src/i2c.o
 .debug_ranges  0x0000000000000010       0x20 Core/Src/it.o
 .debug_ranges  0x0000000000000030       0x28 Core/Src/lcd.o
 .debug_ranges  0x0000000000000058       0x18 Core/Src/main.o
 .debug_ranges  0x0000000000000070       0x18 Core/Src/msp.o
 .debug_ranges  0x0000000000000088       0x18 Core/Src/system_stm32f0xx.o
 .debug_ranges  0x00000000000000a0       0x20 Core/Startup/startup_stm32f072rbtx.o
 .debug_ranges  0x00000000000000c0       0xc0 Drivers/STM32F0xx_HAL_Driver/Src/stm32f0xx_hal.o
 .debug_ranges  0x0000000000000180       0xb0 Drivers/STM32F0xx_HAL_Driver/Src/stm32f0xx_hal_cortex.o
 .debug_ranges  0x0000000000000230       0x48 Drivers/STM32F0xx_HAL_Driver/Src/stm32f0xx_hal_gpio.o
 .debug_ranges  0x0000000000000278      0x280 Drivers/STM32F0xx_HAL_Driver/Src/stm32f0xx_hal_i2c.o
 .debug_ranges  0x00000000000004f8       0x38 Drivers/STM32F0xx_HAL_Driver/Src/stm32f0xx_hal_i2c_ex.o

.debug_macro    0x0000000000000000    0x19018
 .debug_macro   0x0000000000000000      0x354 Core/Src/i2c.o
 .debug_macro   0x0000000000000354      0xa48 Core/Src/i2c.o
 .debug_macro   0x0000000000000d9c      0x127 Core/Src/i2c.o
 .debug_macro   0x0000000000000ec3       0x2e Core/Src/i2c.o
 .debug_macro   0x0000000000000ef1       0x22 Core/Src/i2c.o
 .debug_macro   0x0000000000000f13       0x22 Core/Src/i2c.o
 .debug_macro   0x0000000000000f35       0x8e Core/Src/i2c.o
 .debug_macro   0x0000000000000fc3       0x51 Core/Src/i2c.o
 .debug_macro   0x0000000000001014       0xef Core/Src/i2c.o
 .debug_macro   0x0000000000001103       0x6a Core/Src/i2c.o
 .debug_macro   0x000000000000116d      0x1df Core/Src/i2c.o
 .debug_macro   0x000000000000134c       0x1c Core/Src/i2c.o
 .debug_macro   0x0000000000001368       0x22 Core/Src/i2c.o
 .debug_macro   0x000000000000138a       0xb5 Core/Src/i2c.o
 .debug_macro   0x000000000000143f      0x391 Core/Src/i2c.o
 .debug_macro   0x00000000000017d0     0xfe57 Core/Src/i2c.o
 .debug_macro   0x0000000000011627       0x66 Core/Src/i2c.o
 .debug_macro   0x000000000001168d     0x34a6 Core/Src/i2c.o
 .debug_macro   0x0000000000014b33      0x174 Core/Src/i2c.o
 .debug_macro   0x0000000000014ca7       0x55 Core/Src/i2c.o
 .debug_macro   0x0000000000014cfc      0x946 Core/Src/i2c.o
 .debug_macro   0x0000000000015642      0x5f3 Core/Src/i2c.o
 .debug_macro   0x0000000000015c35      0x1af Core/Src/i2c.o
 .debug_macro   0x0000000000015de4      0x1a7 Core/Src/i2c.o
 .debug_macro   0x0000000000015f8b      0x1a7 Core/Src/i2c.o
 .debug_macro   0x0000000000016132      0x22c Core/Src/i2c.o
 .debug_macro   0x000000000001635e       0x34 Core/Src/i2c.o
 .debug_macro   0x0000000000016392       0x43 Core/Src/i2c.o
 .debug_macro   0x00000000000163d5       0x28 Core/Src/i2c.o
 .debug_macro   0x00000000000163fd       0xb0 Core/Src/i2c.o
 .debug_macro   0x00000000000164ad      0x217 Core/Src/i2c.o
 .debug_macro   0x00000000000166c4      0x22c Core/Src/i2c.o
 .debug_macro   0x00000000000168f0       0x61 Core/Src/i2c.o
 .debug_macro   0x0000000000016951       0xa5 Core/Src/i2c.o
 .debug_macro   0x00000000000169f6       0x4c Core/Src/i2c.o
 .debug_macro   0x0000000000016a42      0x16d Core/Src/i2c.o
 .debug_macro   0x0000000000016baf      0x130 Core/Src/i2c.o
 .debug_macro   0x0000000000016cdf       0x22 Core/Src/i2c.o
 .debug_macro   0x0000000000016d01       0x46 Core/Src/i2c.o
 .debug_macro   0x0000000000016d47       0x18 Core/Src/i2c.o
 .debug_macro   0x0000000000016d5f       0x3c Core/Src/i2c.o
 .debug_macro   0x0000000000016d9b       0x34 Core/Src/i2c.o
 .debug_macro   0x0000000000016dcf       0x52 Core/Src/i2c.o
 .debug_macro   0x0000000000016e21       0x1f Core/Src/i2c.o
 .debug_macro   0x0000000000016e40       0x43 Core/Src/i2c.o
 .debug_macro   0x0000000000016e83       0x20 Core/Src/i2c.o
 .debug_macro   0x0000000000016ea3      0x1a3 Core/Src/i2c.o
 .debug_macro   0x0000000000017046      0x32a Core/Src/i2c.o
 .debug_macro   0x0000000000017370       0x10 Core/Src/i2c.o
 .debug_macro   0x0000000000017380       0x35 Core/Src/i2c.o
 .debug_macro   0x00000000000173b5       0x20 Core/Src/i2c.o
 .debug_macro   0x00000000000173d5       0x1c Core/Src/i2c.o
 .debug_macro   0x00000000000173f1       0x10 Core/Src/i2c.o
 .debug_macro   0x0000000000017401       0x10 Core/Src/i2c.o
 .debug_macro   0x0000000000017411       0x1c Core/Src/i2c.o
 .debug_macro   0x000000000001742d       0x52 Core/Src/i2c.o
 .debug_macro   0x000000000001747f       0x40 Core/Src/i2c.o
 .debug_macro   0x00000000000174bf       0x10 Core/Src/i2c.o
 .debug_macro   0x00000000000174cf       0x40 Core/Src/i2c.o
 .debug_macro   0x000000000001750f       0xd7 Core/Src/i2c.o
 .debug_macro   0x00000000000175e6       0x1c Core/Src/i2c.o
 .debug_macro   0x0000000000017602       0x3d Core/Src/i2c.o
 .debug_macro   0x000000000001763f       0x16 Core/Src/i2c.o
 .debug_macro   0x0000000000017655      0x145 Core/Src/i2c.o
 .debug_macro   0x000000000001779a       0x58 Core/Src/i2c.o
 .debug_macro   0x00000000000177f2      0x354 Core/Src/it.o
 .debug_macro   0x0000000000017b46       0x5e Core/Src/it.o
 .debug_macro   0x0000000000017ba4      0x354 Core/Src/lcd.o
 .debug_macro   0x0000000000017ef8      0x34a Core/Src/main.o
 .debug_macro   0x0000000000018242      0x34a Core/Src/msp.o
 .debug_macro   0x000000000001858c      0x19a Core/Src/system_stm32f0xx.o
 .debug_macro   0x0000000000018726      0x1be Drivers/STM32F0xx_HAL_Driver/Src/stm32f0xx_hal.o
 .debug_macro   0x00000000000188e4      0x19a Drivers/STM32F0xx_HAL_Driver/Src/stm32f0xx_hal_cortex.o
 .debug_macro   0x0000000000018a7e      0x1a1 Drivers/STM32F0xx_HAL_Driver/Src/stm32f0xx_hal_gpio.o
 .debug_macro   0x0000000000018c1f      0x25f Drivers/STM32F0xx_HAL_Driver/Src/stm32f0xx_hal_i2c.o
 .debug_macro   0x0000000000018e7e      0x19a Drivers/STM32F0xx_HAL_Driver/Src/stm32f0xx_hal_i2c_ex.o

.debug_line     0x0000000000000000     0x6da0
 .debug_line    0x0000000000000000      0x899 Core/Src/i2c.o
 .debug_line    0x0000000000000899      0x8bc Core/Src/it.o
 .debug_line    0x0000000000001155      0x8fc Core/Src/lcd.o
 .debug_line    0x0000000000001a51      0x8ad Core/Src/main.o
 .debug_line    0x00000000000022fe      0x8a8 Core/Src/msp.o
 .debug_line    0x0000000000002ba6      0x69c Core/Src/system_stm32f0xx.o
 .debug_line    0x0000000000003242       0x89 Core/Startup/startup_stm32f072rbtx.o
 .debug_line    0x00000000000032cb      0x82f Drivers/STM32F0xx_HAL_Driver/Src/stm32f0xx_hal.o
 .debug_line    0x0000000000003afa      0x847 Drivers/STM32F0xx_HAL_Driver/Src/stm32f0xx_hal_cortex.o
 .debug_line    0x0000000000004341      0x7f9 Drivers/STM32F0xx_HAL_Driver/Src/stm32f0xx_hal_gpio.o
 .debug_line    0x0000000000004b3a     0x1aa9 Drivers/STM32F0xx_HAL_Driver/Src/stm32f0xx_hal_i2c.o
 .debug_line    0x00000000000065e3      0x7bd Drivers/STM32F0xx_HAL_Driver/Src/stm32f0xx_hal_i2c_ex.o

.debug_str      0x0000000000000000    0x8c707
 .debug_str     0x0000000000000000    0x8ae29 Core/Src/i2c.o
                                      0x8b1ae (size before relaxing)
 .debug_str     0x000000000008ae29       0x47 Core/Src/it.o
                                      0x8b1d9 (size before relaxing)
 .debug_str     0x000000000008ae70       0x78 Core/Src/lcd.o
                                      0x8b20f (size before relaxing)
 .debug_str     0x000000000008aee8       0x2b Core/Src/main.o
                                      0x8b1ea (size before relaxing)
 .debug_str     0x000000000008af13       0xef Core/Src/msp.o
                                      0x8b281 (size before relaxing)
 .debug_str     0x000000000008b002       0x5f Core/Src/system_stm32f0xx.o
                                      0x86aca (size before relaxing)
 .debug_str     0x000000000008b061       0x36 Core/Startup/startup_stm32f072rbtx.o
                                         0x70 (size before relaxing)
 .debug_str     0x000000000008b097      0x45f Drivers/STM32F0xx_HAL_Driver/Src/stm32f0xx_hal.o
                                      0x87038 (size before relaxing)
 .debug_str     0x000000000008b4f6      0x20e Drivers/STM32F0xx_HAL_Driver/Src/stm32f0xx_hal_cortex.o
                                      0x86eec (size before relaxing)
 .debug_str     0x000000000008b704      0x172 Drivers/STM32F0xx_HAL_Driver/Src/stm32f0xx_hal_gpio.o
                                      0x86ca9 (size before relaxing)
 .debug_str     0x000000000008b876      0xdd9 Drivers/STM32F0xx_HAL_Driver/Src/stm32f0xx_hal_i2c.o
                                      0x87d7e (size before relaxing)
 .debug_str     0x000000000008c64f       0xb8 Drivers/STM32F0xx_HAL_Driver/Src/stm32f0xx_hal_i2c_ex.o
                                      0x87068 (size before relaxing)

.comment        0x0000000000000000       0x7b
 .comment       0x0000000000000000       0x7b Core/Src/i2c.o
                                         0x7c (size before relaxing)
 .comment       0x000000000000007b       0x7c Core/Src/it.o
 .comment       0x000000000000007b       0x7c Core/Src/lcd.o
 .comment       0x000000000000007b       0x7c Core/Src/main.o
 .comment       0x000000000000007b       0x7c Core/Src/msp.o
 .comment       0x000000000000007b       0x7c Core/Src/system_stm32f0xx.o
 .comment       0x000000000000007b       0x7c Drivers/STM32F0xx_HAL_Driver/Src/stm32f0xx_hal.o
 .comment       0x000000000000007b       0x7c Drivers/STM32F0xx_HAL_Driver/Src/stm32f0xx_hal_cortex.o
 .comment       0x000000000000007b       0x7c Drivers/STM32F0xx_HAL_Driver/Src/stm32f0xx_hal_gpio.o
 .comment       0x000000000000007b       0x7c Drivers/STM32F0xx_HAL_Driver/Src/stm32f0xx_hal_i2c.o
 .comment       0x000000000000007b       0x7c Drivers/STM32F0xx_HAL_Driver/Src/stm32f0xx_hal_i2c_ex.o

.debug_frame    0x0000000000000000     0x13e0
 .debug_frame   0x0000000000000000       0x2c Core/Src/i2c.o
 .debug_frame   0x000000000000002c       0x64 Core/Src/it.o
 .debug_frame   0x0000000000000090       0x90 Core/Src/lcd.o
 .debug_frame   0x0000000000000120       0x4c Core/Src/main.o
 .debug_frame   0x000000000000016c       0x50 Core/Src/msp.o
 .debug_frame   0x00000000000001bc       0x4c Core/Src/system_stm32f0xx.o
 .debug_frame   0x0000000000000208      0x2a4 Drivers/STM32F0xx_HAL_Driver/Src/stm32f0xx_hal.o
 .debug_frame   0x00000000000004ac      0x2a0 Drivers/STM32F0xx_HAL_Driver/Src/stm32f0xx_hal_cortex.o
 .debug_frame   0x000000000000074c      0x110 Drivers/STM32F0xx_HAL_Driver/Src/stm32f0xx_hal_gpio.o
 .debug_frame   0x000000000000085c      0xa20 Drivers/STM32F0xx_HAL_Driver/Src/stm32f0xx_hal_i2c.o
 .debug_frame   0x000000000000127c       0xd0 Drivers/STM32F0xx_HAL_Driver/Src/stm32f0xx_hal_i2c_ex.o
 .debug_frame   0x000000000000134c       0x2c c:/st/stm32cubeide_1.5.0/stm32cubeide/plugins/com.st.stm32cube.ide.mcu.externaltools.gnu-tools-for-stm32.7-2018-q2-update.win32_1.5.0.202011040924/tools/bin/../lib/gcc/arm-none-eabi/7.3.1/../../../../arm-none-eabi/lib/thumb/v6-m\libc_nano.a(lib_a-init.o)
 .debug_frame   0x0000000000001378       0x28 c:/st/stm32cubeide_1.5.0/stm32cubeide/plugins/com.st.stm32cube.ide.mcu.externaltools.gnu-tools-for-stm32.7-2018-q2-update.win32_1.5.0.202011040924/tools/bin/../lib/gcc/arm-none-eabi/7.3.1/../../../../arm-none-eabi/lib/thumb/v6-m\libc_nano.a(lib_a-memcpy-stub.o)
 .debug_frame   0x00000000000013a0       0x20 c:/st/stm32cubeide_1.5.0/stm32cubeide/plugins/com.st.stm32cube.ide.mcu.externaltools.gnu-tools-for-stm32.7-2018-q2-update.win32_1.5.0.202011040924/tools/bin/../lib/gcc/arm-none-eabi/7.3.1/../../../../arm-none-eabi/lib/thumb/v6-m\libc_nano.a(lib_a-memset.o)
 .debug_frame   0x00000000000013c0       0x20 c:/st/stm32cubeide_1.5.0/stm32cubeide/plugins/com.st.stm32cube.ide.mcu.externaltools.gnu-tools-for-stm32.7-2018-q2-update.win32_1.5.0.202011040924/tools/bin/../lib/gcc/arm-none-eabi/7.3.1/thumb/v6-m\libgcc.a(_udivsi3.o)
