Archive member included to satisfy reference by file (symbol)

c:/st/stm32cubeide_1.5.0/stm32cubeide/plugins/com.st.stm32cube.ide.mcu.externaltools.gnu-tools-for-stm32.7-2018-q2-update.win32_1.5.0.202011040924/tools/bin/../lib/gcc/arm-none-eabi/7.3.1/../../../../arm-none-eabi/lib/thumb/v6-m\libc_nano.a(lib_a-errno.o)
                              Core/Src/syscalls.o (__errno)
c:/st/stm32cubeide_1.5.0/stm32cubeide/plugins/com.st.stm32cube.ide.mcu.externaltools.gnu-tools-for-stm32.7-2018-q2-update.win32_1.5.0.202011040924/tools/bin/../lib/gcc/arm-none-eabi/7.3.1/../../../../arm-none-eabi/lib/thumb/v6-m\libc_nano.a(lib_a-exit.o)
                              c:/st/stm32cubeide_1.5.0/stm32cubeide/plugins/com.st.stm32cube.ide.mcu.externaltools.gnu-tools-for-stm32.7-2018-q2-update.win32_1.5.0.202011040924/tools/bin/../lib/gcc/arm-none-eabi/7.3.1/../../../../arm-none-eabi/lib/thumb/v6-m/crt0.o (exit)
c:/st/stm32cubeide_1.5.0/stm32cubeide/plugins/com.st.stm32cube.ide.mcu.externaltools.gnu-tools-for-stm32.7-2018-q2-update.win32_1.5.0.202011040924/tools/bin/../lib/gcc/arm-none-eabi/7.3.1/../../../../arm-none-eabi/lib/thumb/v6-m\libc_nano.a(lib_a-impure.o)
                              c:/st/stm32cubeide_1.5.0/stm32cubeide/plugins/com.st.stm32cube.ide.mcu.externaltools.gnu-tools-for-stm32.7-2018-q2-update.win32_1.5.0.202011040924/tools/bin/../lib/gcc/arm-none-eabi/7.3.1/../../../../arm-none-eabi/lib/thumb/v6-m\libc_nano.a(lib_a-exit.o) (_global_impure_ptr)
c:/st/stm32cubeide_1.5.0/stm32cubeide/plugins/com.st.stm32cube.ide.mcu.externaltools.gnu-tools-for-stm32.7-2018-q2-update.win32_1.5.0.202011040924/tools/bin/../lib/gcc/arm-none-eabi/7.3.1/../../../../arm-none-eabi/lib/thumb/v6-m\libc_nano.a(lib_a-init.o)
                              c:/st/stm32cubeide_1.5.0/stm32cubeide/plugins/com.st.stm32cube.ide.mcu.externaltools.gnu-tools-for-stm32.7-2018-q2-update.win32_1.5.0.202011040924/tools/bin/../lib/gcc/arm-none-eabi/7.3.1/../../../../arm-none-eabi/lib/thumb/v6-m/crt0.o (__libc_init_array)
c:/st/stm32cubeide_1.5.0/stm32cubeide/plugins/com.st.stm32cube.ide.mcu.externaltools.gnu-tools-for-stm32.7-2018-q2-update.win32_1.5.0.202011040924/tools/bin/../lib/gcc/arm-none-eabi/7.3.1/../../../../arm-none-eabi/lib/thumb/v6-m\libc_nano.a(lib_a-memcpy-stub.o)
                              Core/Src/main.o (memcpy)
c:/st/stm32cubeide_1.5.0/stm32cubeide/plugins/com.st.stm32cube.ide.mcu.externaltools.gnu-tools-for-stm32.7-2018-q2-update.win32_1.5.0.202011040924/tools/bin/../lib/gcc/arm-none-eabi/7.3.1/../../../../arm-none-eabi/lib/thumb/v6-m\libc_nano.a(lib_a-memset.o)
                              c:/st/stm32cubeide_1.5.0/stm32cubeide/plugins/com.st.stm32cube.ide.mcu.externaltools.gnu-tools-for-stm32.7-2018-q2-update.win32_1.5.0.202011040924/tools/bin/../lib/gcc/arm-none-eabi/7.3.1/../../../../arm-none-eabi/lib/thumb/v6-m/crt0.o (memset)
c:/st/stm32cubeide_1.5.0/stm32cubeide/plugins/com.st.stm32cube.ide.mcu.externaltools.gnu-tools-for-stm32.7-2018-q2-update.win32_1.5.0.202011040924/tools/bin/../lib/gcc/arm-none-eabi/7.3.1/../../../../arm-none-eabi/lib/thumb/v6-m\libc_nano.a(lib_a-sprintf.o)
                              Core/Src/main.o (sprintf)
c:/st/stm32cubeide_1.5.0/stm32cubeide/plugins/com.st.stm32cube.ide.mcu.externaltools.gnu-tools-for-stm32.7-2018-q2-update.win32_1.5.0.202011040924/tools/bin/../lib/gcc/arm-none-eabi/7.3.1/../../../../arm-none-eabi/lib/thumb/v6-m\libc_nano.a(lib_a-strcat.o)
                              Core/Src/main.o (strcat)
c:/st/stm32cubeide_1.5.0/stm32cubeide/plugins/com.st.stm32cube.ide.mcu.externaltools.gnu-tools-for-stm32.7-2018-q2-update.win32_1.5.0.202011040924/tools/bin/../lib/gcc/arm-none-eabi/7.3.1/../../../../arm-none-eabi/lib/thumb/v6-m\libc_nano.a(lib_a-strlen.o)
                              Core/Src/lcd.o (strlen)
c:/st/stm32cubeide_1.5.0/stm32cubeide/plugins/com.st.stm32cube.ide.mcu.externaltools.gnu-tools-for-stm32.7-2018-q2-update.win32_1.5.0.202011040924/tools/bin/../lib/gcc/arm-none-eabi/7.3.1/../../../../arm-none-eabi/lib/thumb/v6-m\libc_nano.a(lib_a-nano-svfprintf.o)
                              c:/st/stm32cubeide_1.5.0/stm32cubeide/plugins/com.st.stm32cube.ide.mcu.externaltools.gnu-tools-for-stm32.7-2018-q2-update.win32_1.5.0.202011040924/tools/bin/../lib/gcc/arm-none-eabi/7.3.1/../../../../arm-none-eabi/lib/thumb/v6-m\libc_nano.a(lib_a-sprintf.o) (_svfprintf_r)
c:/st/stm32cubeide_1.5.0/stm32cubeide/plugins/com.st.stm32cube.ide.mcu.externaltools.gnu-tools-for-stm32.7-2018-q2-update.win32_1.5.0.202011040924/tools/bin/../lib/gcc/arm-none-eabi/7.3.1/../../../../arm-none-eabi/lib/thumb/v6-m\libc_nano.a(lib_a-nano-vfprintf_i.o)
                              c:/st/stm32cubeide_1.5.0/stm32cubeide/plugins/com.st.stm32cube.ide.mcu.externaltools.gnu-tools-for-stm32.7-2018-q2-update.win32_1.5.0.202011040924/tools/bin/../lib/gcc/arm-none-eabi/7.3.1/../../../../arm-none-eabi/lib/thumb/v6-m\libc_nano.a(lib_a-nano-svfprintf.o) (_printf_i)
[...]
Memory Configuration

Name             Origin             Length             Attributes
RAM              0x0000000020000000 0x0000000000004000 xrw
FLASH            0x0000000008000000 0x0000000000020000 xr
*default*        0x0000000000000000 0xffffffffffffffff

Linker script and memory map

LOAD c:/st/stm32cubeide_1.5.0/stm32cubeide/plugins/com.st.stm32cube.ide.mcu.externaltools.gnu-tools-for-stm32.7-2018-q2-update.win32_1.5.0.202011040924/tools/bin/../lib/gcc/arm-none-eabi/7.3.1/thumb/v6-m/crti.o
LOAD c:/st/stm32cubeide_1.5.0/stm32cubeide/plugins/com.st.stm32cube.ide.mcu.externaltools.gnu-tools-for-stm32.7-2018-q2-update.win32_1.5.0.202011040924/tools/bin/../lib/gcc/arm-none-eabi/7.3.1/thumb/v6-m/crtbegin.o
LOAD c:/st/stm32cubeide_1.5.0/stm32cubeide/plugins/com.st.stm32cube.ide.mcu.externaltools.gnu-tools-for-stm32.7-2018-q2-update.win32_1.5.0.202011040924/tools/bin/../lib/gcc/arm-none-eabi/7.3.1/../../../../arm-none-eabi/lib/thumb/v6-m/crt0.o
LOAD Core/Src/basic_functionalities.o
LOAD Core/Src/buzzer.o
LOAD Core/Src/gpio.o
LOAD Core/Src/i2c.o
LOAD Core/Src/it.o
LOAD Core/Src/lcd.o
LOAD Core/Src/led_strip.o
LOAD Core/Src/main.o
LOAD Core/Src/msp.o
LOAD Core/Src/rtc.o
LOAD Core/Src/syscalls.o
LOAD Core/Src/sysmem.o
LOAD Core/Src/system_stm32f0xx.o
LOAD Core/Startup/startup_stm32f072rbtx.o
LOAD Drivers/STM32F0xx_HAL_Driver/Src/stm32f0xx_hal.o
LOAD Drivers/STM32F0xx_HAL_Driver/Src/stm32f0xx_hal_cortex.o
LOAD Drivers/STM32F0xx_HAL_Driver/Src/stm32f0xx_hal_dma.o
LOAD Drivers/STM32F0xx_HAL_Driver/Src/stm32f0xx_hal_exti.o
LOAD Drivers/STM32F0xx_HAL_Driver/Src/stm32f0xx_hal_flash.o
LOAD Drivers/STM32F0xx_HAL_Driver/Src/stm32f0xx_hal_flash_ex.o
LOAD Drivers/STM32F0xx_HAL_Driver/Src/stm32f0xx_hal_gpio.o
LOAD Drivers/STM32F0xx_HAL_Driver/Src/stm32f0xx_hal_i2c.o
LOAD Drivers/STM32F0xx_HAL_Driver/Src/stm32f0xx_hal_i2c_ex.o
LOAD Drivers/STM32F0xx_HAL_Driver/Src/stm32f0xx_hal_pwr.o
LOAD Drivers/STM32F0xx_HAL_Driver/Src/stm32f0xx_hal_pwr_ex.o
LOAD Drivers/STM32F0xx_HAL_Driver/Src/stm32f0xx_hal_rcc.o
LOAD Drivers/STM32F0xx_HAL_Driver/Src/stm32f0xx_hal_rcc_ex.o
LOAD Drivers/STM32F0xx_HAL_Driver/Src/stm32f0xx_hal_tim.o
LOAD Drivers/STM32F0xx_HAL_Driver/Src/stm32f0xx_hal_tim_ex.o
START GROUP
LOAD c:/st/stm32cubeide_1.5.0/stm32cubeide/plugins/com.st.stm32cube.ide.mcu.externaltools.gnu-tools-for-stm32.7-2018-q2-update.win32_1.5.0.202011040924/tools/bin/../lib/gcc/arm-none-eabi/7.3.1/../../../../arm-none-eabi/lib/thumb/v6-m\libc_nano.a
LOAD c:/st/stm32cubeide_1.5.0/stm32cubeide/plugins/com.st.stm32cube.ide.mcu.externaltools.gnu-tools-for-stm32.7-2018-q2-update.win32_1.5.0.202011040924/tools/bin/../lib/gcc/arm-none-eabi/7.3.1/../../../../arm-none-eabi/lib/thumb/v6-m\libm.a
END GROUP
START GROUP
LOAD c:/st/stm32cubeide_1.5.0/stm32cubeide/plugins/com.st.stm32cube.ide.mcu.externaltools.gnu-tools-for-stm32.7-2018-q2-update.win32_1.5.0.202011040924/tools/bin/../lib/gcc/arm-none-eabi/7.3.1/thumb/v6-m\libgcc.a
LOAD c:/st/stm32cubeide_1.5.0/stm32cubeide/plugins/com.st.stm32cube.ide.mcu.externaltools.gnu-tools-for-stm32.7-2018-q2-update.win32_1.5.0.202011040924/tools/bin/../lib/gcc/arm-none-eabi/7.3.1/../../../../arm-none-eabi/lib/thumb/v6-m\libc_nano.a
END GROUP
START GROUP
LOAD c:/st/stm32cubeide_1.5.0/stm32cubeide/plugins/com.st.stm32cube.ide.mcu.externaltools.gnu-tools-for-stm32.7-2018-q2-update.win32_1.5.0.202011040924/tools/bin/../lib/gcc/arm-none-eabi/7.3.1/thumb/v6-m\libgcc.a
LOAD c:/st/stm32cubeide_1.5.0/stm32cubeide/plugins/com.st.stm32cube.ide.mcu.externaltools.gnu-tools-for-stm32.7-2018-q2-update.win32_1.5.0.202011040924/tools/bin/../lib/gcc/arm-none-eabi/7.3.1/../../../../arm-none-eabi/lib/thumb/v6-m\libc_nano.a
LOAD c:/st/stm32cubeide_1.5.0/stm32cubeide/plugins/com.st.stm32cube.ide.mcu.externaltools.gnu-tools-for-stm32.7-2018-q2-update.win32_1.5.0.202011040924/tools/bin/../lib/gcc/arm-none-eabi/7.3.1/../../../../arm-none-eabi/lib/thumb/v6-m\libnosys.a
END GROUP
START GROUP
LOAD c:/st/stm32cubeide_1.5.0/stm32cubeide/plugins/com.st.stm32cube.ide.mcu.externaltools.gnu-tools-for-stm32.7-2018-q2-update.win32_1.5.0.202011040924/tools/bin/../lib/gcc/arm-none-eabi/7.3.1/thumb/v6-m\libgcc.a
LOAD c:/st/stm32cubeide_1.5.0/stm32cubeide/plugins/com.st.stm32cube.ide.mcu.externaltools.gnu-tools-for-stm32.7-2018-q2-update.win32_1.5.0.202011040924/tools/bin/../lib/gcc/arm-none-eabi/7.3.1/../../../../arm-none-eabi/lib/thumb/v6-m\libc_nano.a
LOAD c:/st/stm32cubeide_1.5.0/stm32cubeide/plugins/com.st.stm32cube.ide.mcu.externaltools.gnu-tools-for-stm32.7-2018-q2-update.win32_1.5.0.202011040924/tools/bin/../lib/gcc/arm-none-eabi/7.3.1/../../../../arm-none-eabi/lib/thumb/v6-m\libnosys.a
END GROUP
LOAD c:/st/stm32cubeide_1.5.0/stm32cubeide/plugins/com.st.stm32cube.ide.mcu.externaltools.gnu-tools-for-stm32.7-2018-q2-update.win32_1.5.0.202011040924/tools/bin/../lib/gcc/arm-none-eabi/7.3.1/thumb/v6-m/crtend.o
LOAD c:/st/stm32cubeide_1.5.0/stm32cubeide/plugins/com.st.stm32cube.ide.mcu.externaltools.gnu-tools-for-stm32.7-2018-q2-update.win32_1.5.0.202011040924/tools/bin/../lib/gcc/arm-none-eabi/7.3.1/thumb/v6-m/crtn.o
                0x0000000020004000                _estack = (ORIGIN (RAM) + LENGTH (RAM))
                0x0000000000000200                _Min_Heap_Size = 0x200
                0x0000000000000400                _Min_Stack_Size = 0x400

.isr_vector     0x0000000008000000       0xc0
                0x0000000008000000                . = ALIGN (0x4)
 *(.isr_vector)
 .isr_vector    0x0000000008000000       0xc0 Core/Startup/startup_stm32f072rbtx.o
                0x0000000008000000                g_pfnVectors
                0x00000000080000c0                . = ALIGN (0x4)

.text           0x00000000080000c0     0x56e4
                0x00000000080000c0                . = ALIGN (0x4)
 *(.text)
 .text          0x00000000080000c0       0x48 c:/st/stm32cubeide_1.5.0/stm32cubeide/plugins/com.st.stm32cube.ide.mcu.externaltools.gnu-tools-for-stm32.7-2018-q2-update.win32_1.5.0.202011040924/tools/bin/../lib/gcc/arm-none-eabi/7.3.1/thumb/v6-m/crtbegin.o
 .text          0x0000000008000108        0xe c:/st/stm32cubeide_1.5.0/stm32cubeide/plugins/com.st.stm32cube.ide.mcu.externaltools.gnu-tools-for-stm32.7-2018-q2-update.win32_1.5.0.202011040924/tools/bin/../lib/gcc/arm-none-eabi/7.3.1/../../../../arm-none-eabi/lib/thumb/v6-m\libc_nano.a(lib_a-strlen.o)
                0x0000000008000108                strlen
 *fill*         0x0000000008000116        0x2 
 .text          0x0000000008000118      0x114 c:/st/stm32cubeide_1.5.0/stm32cubeide/plugins/com.st.stm32cube.ide.mcu.externaltools.gnu-tools-for-stm32.7-2018-q2-update.win32_1.5.0.202011040924/tools/bin/../lib/gcc/arm-none-eabi/7.3.1/thumb/v6-m\libgcc.a(_udivsi3.o)
                0x0000000008000118                __aeabi_uidiv
                0x0000000008000118                __udivsi3
                0x0000000008000224                __aeabi_uidivmod
 .text          0x000000000800022c        0x4 c:/st/stm32cubeide_1.5.0/stm32cubeide/plugins/com.st.stm32cube.ide.mcu.externaltools.gnu-tools-for-stm32.7-2018-q2-update.win32_1.5.0.202011040924/tools/bin/../lib/gcc/arm-none-eabi/7.3.1/thumb/v6-m\libgcc.a(_dvmd_tls.o)
                0x000000000800022c                __aeabi_idiv0
                0x000000000800022c                __aeabi_ldiv0
 .text          0x0000000008000230       0x7c c:/st/stm32cubeide_1.5.0/stm32cubeide/plugins/com.st.stm32cube.ide.mcu.externaltools.gnu-tools-for-stm32.7-2018-q2-update.win32_1.5.0.202011040924/tools/bin/../lib/gcc/arm-none-eabi/7.3.1/thumb/v6-m\libgcc.a(_arm_cmpdf2.o)
                0x0000000008000230                __aeabi_cdrcmple
                0x0000000008000240                __aeabi_cdcmple
                0x0000000008000240                __aeabi_cdcmpeq
                0x0000000008000250                __aeabi_dcmpeq
                0x000000000800025c                __aeabi_dcmplt
                0x0000000008000270                __aeabi_dcmple
                0x0000000008000284                __aeabi_dcmpgt
                0x0000000008000298                __aeabi_dcmpge
 .text          0x00000000080002ac       0x78 c:/st/stm32cubeide_1.5.0/stm32cubeide/plugins/com.st.stm32cube.ide.mcu.externaltools.gnu-tools-for-stm32.7-2018-q2-update.win32_1.5.0.202011040924/tools/bin/../lib/gcc/arm-none-eabi/7.3.1/thumb/v6-m\libgcc.a(eqdf2.o)
                0x00000000080002ac                __nedf2
                0x00000000080002ac                __eqdf2
 .text          0x0000000008000324       0xc8 c:/st/stm32cubeide_1.5.0/stm32cubeide/plugins/com.st.stm32cube.ide.mcu.externaltools.gnu-tools-for-stm32.7-2018-q2-update.win32_1.5.0.202011040924/tools/bin/../lib/gcc/arm-none-eabi/7.3.1/thumb/v6-m\libgcc.a(gedf2.o)
                0x0000000008000324                __gedf2
                0x0000000008000324                __gtdf2
 .text          0x00000000080003ec       0xd0 c:/st/stm32cubeide_1.5.0/stm32cubeide/plugins/com.st.stm32cube.ide.mcu.externaltools.gnu-tools-for-stm32.7-2018-q2-update.win32_1.5.0.202011040924/tools/bin/../lib/gcc/arm-none-eabi/7.3.1/thumb/v6-m\libgcc.a(ledf2.o)
                0x00000000080003ec                __ledf2
                0x00000000080003ec                __ltdf2
 .text          0x00000000080004bc       0x74 c:/st/stm32cubeide_1.5.0/stm32cubeide/plugins/com.st.stm32cube.ide.mcu.externaltools.gnu-tools-for-stm32.7-2018-q2-update.win32_1.5.0.202011040924/tools/bin/../lib/gcc/arm-none-eabi/7.3.1/thumb/v6-m\libgcc.a(floatsidf.o)
                0x00000000080004bc                __aeabi_i2d
 .text          0x0000000008000530       0x64 c:/st/stm32cubeide_1.5.0/stm32cubeide/plugins/com.st.stm32cube.ide.mcu.externaltools.gnu-tools-for-stm32.7-2018-q2-update.win32_1.5.0.202011040924/tools/bin/../lib/gcc/arm-none-eabi/7.3.1/thumb/v6-m\libgcc.a(floatunsidf.o)
                0x0000000008000530                __aeabi_ui2d
 .text          0x0000000008000594       0x3c c:/st/stm32cubeide_1.5.0/stm32cubeide/plugins/com.st.stm32cube.ide.mcu.externaltools.gnu-tools-for-stm32.7-2018-q2-update.win32_1.5.0.202011040924/tools/bin/../lib/gcc/arm-none-eabi/7.3.1/thumb/v6-m\libgcc.a(_clzsi2.o)
                0x0000000008000594                __clzsi2
 *(.text*)
 .text.DMA_init
                0x00000000080005d0       0x3c Core/Src/basic_functionalities.o
                0x00000000080005d0                DMA_init
 .text.clock_configuration
                0x000000000800060c       0x90 Core/Src/basic_functionalities.o
                0x000000000800060c                clock_configuration
 .text.interrupt_1s_init
                0x000000000800069c       0x4c Core/Src/basic_functionalities.o
                0x000000000800069c                interrupt_1s_init
 .text.error_handler
                0x00000000080006e8        0x6 Core/Src/basic_functionalities.o
                0x00000000080006e8                error_handler
 *fill*         0x00000000080006ee        0x2 
 .text.buzzer_init
                0x00000000080006f0       0x78 Core/Src/buzzer.o
                0x00000000080006f0                buzzer_init
 .text.HAL_TIM_OC_DelayElapsedCallback
                0x0000000008000768       0x3c Core/Src/buzzer.o
                0x0000000008000768                HAL_TIM_OC_DelayElapsedCallback
 .text.gpio_init
                0x00000000080007a4      0x108 Core/Src/gpio.o
                0x00000000080007a4                gpio_init
 .text.button_read
                0x00000000080008ac       0xb8 Core/Src/gpio.o
                0x00000000080008ac                button_read
 .text.i2c1_init
                0x0000000008000964       0x70 Core/Src/i2c.o
                0x0000000008000964                i2c1_init
 .text.i2c2_init
                0x00000000080009d4       0x70 Core/Src/i2c.o
                0x00000000080009d4                i2c2_init
 .text.NMI_Handler
                0x0000000008000a44        0x6 Core/Src/it.o
                0x0000000008000a44                NMI_Handler
 .text.HardFault_Handler
                0x0000000008000a4a        0x6 Core/Src/it.o
                0x0000000008000a4a                HardFault_Handler
 .text.SysTick_Handler
                0x0000000008000a50        0xe Core/Src/it.o
                0x0000000008000a50                SysTick_Handler
 *fill*         0x0000000008000a5e        0x2 
 .text.TIM2_IRQHandler
                0x0000000008000a60       0x18 Core/Src/it.o
                0x0000000008000a60                TIM2_IRQHandler
 .text.TIM6_DAC_IRQHandler
                0x0000000008000a78       0x18 Core/Src/it.o
                0x0000000008000a78                TIM6_DAC_IRQHandler
 .text.DMA1_Channel4_5_6_7_IRQHandler
                0x0000000008000a90       0x18 Core/Src/it.o
                0x0000000008000a90                DMA1_Channel4_5_6_7_IRQHandler
 .text.lcd_write
                0x0000000008000aa8       0xa8 Core/Src/lcd.o
 .text.lcd_init
                0x0000000008000b50       0x84 Core/Src/lcd.o
                0x0000000008000b50                lcd_init
 .text.lcd_clear
                0x0000000008000bd4       0x36 Core/Src/lcd.o
                0x0000000008000bd4                lcd_clear
 *fill*         0x0000000008000c0a        0x2 
 .text.lcd_clear_and_update
                0x0000000008000c0c      0x118 Core/Src/lcd.o
                0x0000000008000c0c                lcd_clear_and_update
 .text.lcd_update
                0x0000000008000d24      0x12c Core/Src/lcd.o
                0x0000000008000d24                lcd_update
 .text.led_init
                0x0000000008000e50       0xe4 Core/Src/led_strip.o
                0x0000000008000e50                led_init
 .text.main     0x0000000008000f34       0xcc Core/Src/main.o
                0x0000000008000f34                main
 .text.time_date_actualization
                0x0000000008001000      0x1fc Core/Src/main.o
                0x0000000008001000                time_date_actualization
 .text.main_menu
                0x00000000080011fc      0x13c Core/Src/main.o
                0x00000000080011fc                main_menu
 .text.set_date_time
                0x0000000008001338      0x498 Core/Src/main.o
                0x0000000008001338                set_date_time
 .text.HAL_TIM_PeriodElapsedCallback
                0x00000000080017d0       0x28 Core/Src/main.o
                0x00000000080017d0                HAL_TIM_PeriodElapsedCallback
 .text.HAL_MspInit
                0x00000000080017f8       0x48 Core/Src/msp.o
                0x00000000080017f8                HAL_MspInit
 .text.HAL_I2C_MspInit
                0x0000000008001840      0x120 Core/Src/msp.o
                0x0000000008001840                HAL_I2C_MspInit
 .text.HAL_TIM_OC_MspInit
                0x0000000008001960       0x88 Core/Src/msp.o
                0x0000000008001960                HAL_TIM_OC_MspInit
 .text.HAL_TIM_Base_MspInit
                0x00000000080019e8       0xd4 Core/Src/msp.o
                0x00000000080019e8                HAL_TIM_Base_MspInit
 .text.HAL_TIM_MspPostInit
                0x0000000008001abc       0x7c Core/Src/msp.o
                0x0000000008001abc                HAL_TIM_MspPostInit
 .text.rtc_set_time
                0x0000000008001b38       0x6c Core/Src/rtc.o
                0x0000000008001b38                rtc_set_time
 .text.rtc_get_time
                0x0000000008001ba4       0xa8 Core/Src/rtc.o
                0x0000000008001ba4                rtc_get_time
 .text.rtc_set_date
                0x0000000008001c4c       0x80 Core/Src/rtc.o
                0x0000000008001c4c                rtc_set_date
 .text.rtc_get_date
                0x0000000008001ccc       0xc4 Core/Src/rtc.o
                0x0000000008001ccc                rtc_get_date
 .text.rtc_write
                0x0000000008001d90       0x44 Core/Src/rtc.o
 .text.rtc_read
                0x0000000008001dd4       0x44 Core/Src/rtc.o
 .text.bcd_to_bin
                0x0000000008001e18       0x44 Core/Src/rtc.o
 .text.bin_to_bcd
                0x0000000008001e5c       0x7c Core/Src/rtc.o
 .text._sbrk    0x0000000008001ed8       0x6c Core/Src/sysmem.o
                0x0000000008001ed8                _sbrk
 .text.SystemInit
                0x0000000008001f44        0xa Core/Src/system_stm32f0xx.o
                0x0000000008001f44                SystemInit
 *fill*         0x0000000008001f4e        0x2 
 .text.Reset_Handler
                0x0000000008001f50       0x50 Core/Startup/startup_stm32f072rbtx.o
                0x0000000008001f50                Reset_Handler
 .text.Default_Handler
                0x0000000008001fa0        0x2 Core/Startup/startup_stm32f072rbtx.o
                0x0000000008001fa0                TIM1_CC_IRQHandler
                0x0000000008001fa0                TSC_IRQHandler
                0x0000000008001fa0                ADC1_COMP_IRQHandler
                0x0000000008001fa0                PendSV_Handler
                0x0000000008001fa0                I2C1_IRQHandler
                0x0000000008001fa0                RCC_CRS_IRQHandler
                0x0000000008001fa0                SPI1_IRQHandler
                0x0000000008001fa0                USART3_4_IRQHandler
                0x0000000008001fa0                EXTI2_3_IRQHandler
                0x0000000008001fa0                I2C2_IRQHandler
                0x0000000008001fa0                TIM17_IRQHandler
                0x0000000008001fa0                CEC_CAN_IRQHandler
                0x0000000008001fa0                RTC_IRQHandler
                0x0000000008001fa0                PVD_VDDIO2_IRQHandler
                0x0000000008001fa0                TIM16_IRQHandler
                0x0000000008001fa0                TIM3_IRQHandler
                0x0000000008001fa0                EXTI4_15_IRQHandler
                0x0000000008001fa0                DMA1_Channel1_IRQHandler
                0x0000000008001fa0                Default_Handler
                0x0000000008001fa0                TIM14_IRQHandler
                0x0000000008001fa0                TIM7_IRQHandler
                0x0000000008001fa0                TIM15_IRQHandler
                0x0000000008001fa0                EXTI0_1_IRQHandler
                0x0000000008001fa0                USB_IRQHandler
                0x0000000008001fa0                SPI2_IRQHandler
                0x0000000008001fa0                SVC_Handler
                0x0000000008001fa0                WWDG_IRQHandler
                0x0000000008001fa0                DMA1_Channel2_3_IRQHandler
                0x0000000008001fa0                USART2_IRQHandler
                0x0000000008001fa0                FLASH_IRQHandler
                0x0000000008001fa0                USART1_IRQHandler
                0x0000000008001fa0                TIM1_BRK_UP_TRG_COM_IRQHandler
 *fill*         0x0000000008001fa2        0x2 
 .text.HAL_Init
                0x0000000008001fa4       0x28 Drivers/STM32F0xx_HAL_Driver/Src/stm32f0xx_hal.o
                0x0000000008001fa4                HAL_Init
 .text.HAL_InitTick
                0x0000000008001fcc       0x68 Drivers/STM32F0xx_HAL_Driver/Src/stm32f0xx_hal.o
                0x0000000008001fcc                HAL_InitTick
 .text.HAL_IncTick
                0x0000000008002034       0x24 Drivers/STM32F0xx_HAL_Driver/Src/stm32f0xx_hal.o
                0x0000000008002034                HAL_IncTick
 .text.HAL_GetTick
                0x0000000008002058       0x14 Drivers/STM32F0xx_HAL_Driver/Src/stm32f0xx_hal.o
                0x0000000008002058                HAL_GetTick
 .text.HAL_Delay
                0x000000000800206c       0x44 Drivers/STM32F0xx_HAL_Driver/Src/stm32f0xx_hal.o
                0x000000000800206c                HAL_Delay
 .text.__NVIC_EnableIRQ
                0x00000000080020b0       0x34 Drivers/STM32F0xx_HAL_Driver/Src/stm32f0xx_hal_cortex.o
 .text.__NVIC_SetPriority
                0x00000000080020e4       0xdc Drivers/STM32F0xx_HAL_Driver/Src/stm32f0xx_hal_cortex.o
 .text.SysTick_Config
                0x00000000080021c0       0x48 Drivers/STM32F0xx_HAL_Driver/Src/stm32f0xx_hal_cortex.o
 .text.HAL_NVIC_SetPriority
                0x0000000008002208       0x2a Drivers/STM32F0xx_HAL_Driver/Src/stm32f0xx_hal_cortex.o
                0x0000000008002208                HAL_NVIC_SetPriority
 .text.HAL_NVIC_EnableIRQ
                0x0000000008002232       0x20 Drivers/STM32F0xx_HAL_Driver/Src/stm32f0xx_hal_cortex.o
                0x0000000008002232                HAL_NVIC_EnableIRQ
 .text.HAL_SYSTICK_Config
                0x0000000008002252       0x1a Drivers/STM32F0xx_HAL_Driver/Src/stm32f0xx_hal_cortex.o
                0x0000000008002252                HAL_SYSTICK_Config
 .text.HAL_DMA_Init
                0x000000000800226c       0x90 Drivers/STM32F0xx_HAL_Driver/Src/stm32f0xx_hal_dma.o
                0x000000000800226c                HAL_DMA_Init
 .text.HAL_DMA_IRQHandler
                0x00000000080022fc      0x144 Drivers/STM32F0xx_HAL_Driver/Src/stm32f0xx_hal_dma.o
                0x00000000080022fc                HAL_DMA_IRQHandler
 .text.DMA_CalcBaseAndBitshift
                0x0000000008002440       0x38 Drivers/STM32F0xx_HAL_Driver/Src/stm32f0xx_hal_dma.o
 .text.HAL_GPIO_Init
                0x0000000008002478      0x2f0 Drivers/STM32F0xx_HAL_Driver/Src/stm32f0xx_hal_gpio.o
                0x0000000008002478                HAL_GPIO_Init
 .text.HAL_GPIO_ReadPin
                0x0000000008002768       0x3a Drivers/STM32F0xx_HAL_Driver/Src/stm32f0xx_hal_gpio.o
                0x0000000008002768                HAL_GPIO_ReadPin
 *fill*         0x00000000080027a2        0x2 
 .text.HAL_I2C_Init
                0x00000000080027a4      0x12c Drivers/STM32F0xx_HAL_Driver/Src/stm32f0xx_hal_i2c.o
                0x00000000080027a4                HAL_I2C_Init
 .text.HAL_I2C_Master_Transmit
                0x00000000080028d0      0x210 Drivers/STM32F0xx_HAL_Driver/Src/stm32f0xx_hal_i2c.o
                0x00000000080028d0                HAL_I2C_Master_Transmit
 .text.HAL_I2C_Mem_Write
                0x0000000008002ae0      0x25c Drivers/STM32F0xx_HAL_Driver/Src/stm32f0xx_hal_i2c.o
                0x0000000008002ae0                HAL_I2C_Mem_Write
 .text.HAL_I2C_Mem_Read
                0x0000000008002d3c      0x268 Drivers/STM32F0xx_HAL_Driver/Src/stm32f0xx_hal_i2c.o
                0x0000000008002d3c                HAL_I2C_Mem_Read
 .text.I2C_RequestMemoryWrite
                0x0000000008002fa4       0xc8 Drivers/STM32F0xx_HAL_Driver/Src/stm32f0xx_hal_i2c.o
 .text.I2C_RequestMemoryRead
                0x000000000800306c       0xc4 Drivers/STM32F0xx_HAL_Driver/Src/stm32f0xx_hal_i2c.o
 .text.I2C_Flush_TXDR
                0x0000000008003130       0x44 Drivers/STM32F0xx_HAL_Driver/Src/stm32f0xx_hal_i2c.o
 .text.I2C_WaitOnFlagUntilTimeout
                0x0000000008003174       0x7e Drivers/STM32F0xx_HAL_Driver/Src/stm32f0xx_hal_i2c.o
 .text.I2C_WaitOnTXISFlagUntilTimeout
                0x00000000080031f2       0x7e Drivers/STM32F0xx_HAL_Driver/Src/stm32f0xx_hal_i2c.o
 .text.I2C_WaitOnSTOPFlagUntilTimeout
                0x0000000008003270       0x78 Drivers/STM32F0xx_HAL_Driver/Src/stm32f0xx_hal_i2c.o
 .text.I2C_IsAcknowledgeFailed
                0x00000000080032e8       0xf4 Drivers/STM32F0xx_HAL_Driver/Src/stm32f0xx_hal_i2c.o
 .text.I2C_TransferConfig
                0x00000000080033dc       0x6c Drivers/STM32F0xx_HAL_Driver/Src/stm32f0xx_hal_i2c.o
 .text.HAL_I2CEx_ConfigAnalogFilter
                0x0000000008003448       0x98 Drivers/STM32F0xx_HAL_Driver/Src/stm32f0xx_hal_i2c_ex.o
                0x0000000008003448                HAL_I2CEx_ConfigAnalogFilter
 .text.HAL_RCC_OscConfig
                0x00000000080034e0      0x70c Drivers/STM32F0xx_HAL_Driver/Src/stm32f0xx_hal_rcc.o
                0x00000000080034e0                HAL_RCC_OscConfig
 .text.HAL_RCC_ClockConfig
                0x0000000008003bec      0x1b4 Drivers/STM32F0xx_HAL_Driver/Src/stm32f0xx_hal_rcc.o
                0x0000000008003bec                HAL_RCC_ClockConfig
 .text.HAL_RCC_GetSysClockFreq
                0x0000000008003da0       0xfc Drivers/STM32F0xx_HAL_Driver/Src/stm32f0xx_hal_rcc.o
                0x0000000008003da0                HAL_RCC_GetSysClockFreq
 .text.HAL_TIM_Base_Init
                0x0000000008003e9c       0xa0 Drivers/STM32F0xx_HAL_Driver/Src/stm32f0xx_hal_tim.o
                0x0000000008003e9c                HAL_TIM_Base_Init
 .text.HAL_TIM_Base_Start
                0x0000000008003f3c       0x94 Drivers/STM32F0xx_HAL_Driver/Src/stm32f0xx_hal_tim.o
                0x0000000008003f3c                HAL_TIM_Base_Start
 .text.HAL_TIM_Base_Start_IT
                0x0000000008003fd0       0xa4 Drivers/STM32F0xx_HAL_Driver/Src/stm32f0xx_hal_tim.o
                0x0000000008003fd0                HAL_TIM_Base_Start_IT
 .text.HAL_TIM_OC_Init
                0x0000000008004074       0xa0 Drivers/STM32F0xx_HAL_Driver/Src/stm32f0xx_hal_tim.o
                0x0000000008004074                HAL_TIM_OC_Init
 .text.HAL_TIM_PWM_Init
                0x0000000008004114       0xa0 Drivers/STM32F0xx_HAL_Driver/Src/stm32f0xx_hal_tim.o
                0x0000000008004114                HAL_TIM_PWM_Init
 .text.HAL_TIM_PWM_MspInit
                0x00000000080041b4       0x10 Drivers/STM32F0xx_HAL_Driver/Src/stm32f0xx_hal_tim.o
                0x00000000080041b4                HAL_TIM_PWM_MspInit
 .text.HAL_TIM_IRQHandler
                0x00000000080041c4      0x22c Drivers/STM32F0xx_HAL_Driver/Src/stm32f0xx_hal_tim.o
                0x00000000080041c4                HAL_TIM_IRQHandler
 .text.HAL_TIM_OC_ConfigChannel
                0x00000000080043f0       0xa2 Drivers/STM32F0xx_HAL_Driver/Src/stm32f0xx_hal_tim.o
                0x00000000080043f0                HAL_TIM_OC_ConfigChannel
 *fill*         0x0000000008004492        0x2 
 .text.HAL_TIM_PWM_ConfigChannel
                0x0000000008004494      0x178 Drivers/STM32F0xx_HAL_Driver/Src/stm32f0xx_hal_tim.o
                0x0000000008004494                HAL_TIM_PWM_ConfigChannel
 .text.HAL_TIM_ConfigClockSource
                0x000000000800460c      0x194 Drivers/STM32F0xx_HAL_Driver/Src/stm32f0xx_hal_tim.o
                0x000000000800460c                HAL_TIM_ConfigClockSource
 .text.HAL_TIM_ReadCapturedValue
                0x00000000080047a0       0x58 Drivers/STM32F0xx_HAL_Driver/Src/stm32f0xx_hal_tim.o
                0x00000000080047a0                HAL_TIM_ReadCapturedValue
 .text.HAL_TIM_IC_CaptureCallback
                0x00000000080047f8       0x10 Drivers/STM32F0xx_HAL_Driver/Src/stm32f0xx_hal_tim.o
                0x00000000080047f8                HAL_TIM_IC_CaptureCallback
 .text.HAL_TIM_PWM_PulseFinishedCallback
                0x0000000008004808       0x10 Drivers/STM32F0xx_HAL_Driver/Src/stm32f0xx_hal_tim.o
                0x0000000008004808                HAL_TIM_PWM_PulseFinishedCallback
 .text.HAL_TIM_TriggerCallback
                0x0000000008004818       0x10 Drivers/STM32F0xx_HAL_Driver/Src/stm32f0xx_hal_tim.o
                0x0000000008004818                HAL_TIM_TriggerCallback
 .text.TIM_Base_SetConfig
                0x0000000008004828      0x100 Drivers/STM32F0xx_HAL_Driver/Src/stm32f0xx_hal_tim.o
                0x0000000008004828                TIM_Base_SetConfig
 .text.TIM_OC1_SetConfig
                0x0000000008004928      0x110 Drivers/STM32F0xx_HAL_Driver/Src/stm32f0xx_hal_tim.o
 .text.TIM_OC2_SetConfig
                0x0000000008004a38      0x108 Drivers/STM32F0xx_HAL_Driver/Src/stm32f0xx_hal_tim.o
                0x0000000008004a38                TIM_OC2_SetConfig
 .text.TIM_OC3_SetConfig
                0x0000000008004b40      0x10c Drivers/STM32F0xx_HAL_Driver/Src/stm32f0xx_hal_tim.o
 .text.TIM_OC4_SetConfig
                0x0000000008004c4c       0xd4 Drivers/STM32F0xx_HAL_Driver/Src/stm32f0xx_hal_tim.o
 .text.TIM_TI1_ConfigInputStage
                0x0000000008004d20       0x5c Drivers/STM32F0xx_HAL_Driver/Src/stm32f0xx_hal_tim.o
 .text.TIM_TI2_ConfigInputStage
                0x0000000008004d7c       0x64 Drivers/STM32F0xx_HAL_Driver/Src/stm32f0xx_hal_tim.o
 .text.TIM_ITRx_SetConfig
                0x0000000008004de0       0x32 Drivers/STM32F0xx_HAL_Driver/Src/stm32f0xx_hal_tim.o
 *fill*         0x0000000008004e12        0x2 
 .text.TIM_ETR_SetConfig
                0x0000000008004e14       0x40 Drivers/STM32F0xx_HAL_Driver/Src/stm32f0xx_hal_tim.o
                0x0000000008004e14                TIM_ETR_SetConfig
 .text.HAL_TIMEx_CommutCallback
                0x0000000008004e54       0x10 Drivers/STM32F0xx_HAL_Driver/Src/stm32f0xx_hal_tim_ex.o
                0x0000000008004e54                HAL_TIMEx_CommutCallback
 .text.HAL_TIMEx_BreakCallback
                0x0000000008004e64       0x10 Drivers/STM32F0xx_HAL_Driver/Src/stm32f0xx_hal_tim_ex.o
                0x0000000008004e64                HAL_TIMEx_BreakCallback
 .text.__errno  0x0000000008004e74        0xc c:/st/stm32cubeide_1.5.0/stm32cubeide/plugins/com.st.stm32cube.ide.mcu.externaltools.gnu-tools-for-stm32.7-2018-q2-update.win32_1.5.0.202011040924/tools/bin/../lib/gcc/arm-none-eabi/7.3.1/../../../../arm-none-eabi/lib/thumb/v6-m\libc_nano.a(lib_a-errno.o)
                0x0000000008004e74                __errno
 .text.__libc_init_array
                0x0000000008004e80       0x48 c:/st/stm32cubeide_1.5.0/stm32cubeide/plugins/com.st.stm32cube.ide.mcu.externaltools.gnu-tools-for-stm32.7-2018-q2-update.win32_1.5.0.202011040924/tools/bin/../lib/gcc/arm-none-eabi/7.3.1/../../../../arm-none-eabi/lib/thumb/v6-m\libc_nano.a(lib_a-init.o)
                0x0000000008004e80                __libc_init_array
 .text.memcpy   0x0000000008004ec8       0x12 c:/st/stm32cubeide_1.5.0/stm32cubeide/plugins/com.st.stm32cube.ide.mcu.externaltools.gnu-tools-for-stm32.7-2018-q2-update.win32_1.5.0.202011040924/tools/bin/../lib/gcc/arm-none-eabi/7.3.1/../../../../arm-none-eabi/lib/thumb/v6-m\libc_nano.a(lib_a-memcpy-stub.o)
                0x0000000008004ec8                memcpy
 .text.memset   0x0000000008004eda       0x10 c:/st/stm32cubeide_1.5.0/stm32cubeide/plugins/com.st.stm32cube.ide.mcu.externaltools.gnu-tools-for-stm32.7-2018-q2-update.win32_1.5.0.202011040924/tools/bin/../lib/gcc/arm-none-eabi/7.3.1/../../../../arm-none-eabi/lib/thumb/v6-m\libc_nano.a(lib_a-memset.o)
                0x0000000008004eda                memset
 *fill*         0x0000000008004eea        0x2 
 .text.sprintf  0x0000000008004eec       0x40 c:/st/stm32cubeide_1.5.0/stm32cubeide/plugins/com.st.stm32cube.ide.mcu.externaltools.gnu-tools-for-stm32.7-2018-q2-update.win32_1.5.0.202011040924/tools/bin/../lib/gcc/arm-none-eabi/7.3.1/../../../../arm-none-eabi/lib/thumb/v6-m\libc_nano.a(lib_a-sprintf.o)
                0x0000000008004eec                siprintf
                0x0000000008004eec                sprintf
 .text.strcat   0x0000000008004f2c       0x1c c:/st/stm32cubeide_1.5.0/stm32cubeide/plugins/com.st.stm32cube.ide.mcu.externaltools.gnu-tools-for-stm32.7-2018-q2-update.win32_1.5.0.202011040924/tools/bin/../lib/gcc/arm-none-eabi/7.3.1/../../../../arm-none-eabi/lib/thumb/v6-m\libc_nano.a(lib_a-strcat.o)
                0x0000000008004f2c                strcat
 .text.__ssputs_r
                0x0000000008004f48       0xc4 c:/st/stm32cubeide_1.5.0/stm32cubeide/plugins/com.st.stm32cube.ide.mcu.externaltools.gnu-tools-for-stm32.7-2018-q2-update.win32_1.5.0.202011040924/tools/bin/../lib/gcc/arm-none-eabi/7.3.1/../../../../arm-none-eabi/lib/thumb/v6-m\libc_nano.a(lib_a-nano-svfprintf.o)
                0x0000000008004f48                __ssputs_r
 .text._svfprintf_r
                0x000000000800500c      0x1fc c:/st/stm32cubeide_1.5.0/stm32cubeide/plugins/com.st.stm32cube.ide.mcu.externaltools.gnu-tools-for-stm32.7-2018-q2-update.win32_1.5.0.202011040924/tools/bin/../lib/gcc/arm-none-eabi/7.3.1/../../../../arm-none-eabi/lib/thumb/v6-m\libc_nano.a(lib_a-nano-svfprintf.o)
                0x000000000800500c                _svfiprintf_r
                0x000000000800500c                _svfprintf_r
 .text._printf_common
                0x0000000008005208       0xda c:/st/stm32cubeide_1.5.0/stm32cubeide/plugins/com.st.stm32cube.ide.mcu.externaltools.gnu-tools-for-stm32.7-2018-q2-update.win32_1.5.0.202011040924/tools/bin/../lib/gcc/arm-none-eabi/7.3.1/../../../../arm-none-eabi/lib/thumb/v6-m\libc_nano.a(lib_a-nano-vfprintf_i.o)
                0x0000000008005208                _printf_common
 *fill*         0x00000000080052e2        0x2 
 .text._printf_i
                0x00000000080052e4      0x210 c:/st/stm32cubeide_1.5.0/stm32cubeide/plugins/com.st.stm32cube.ide.mcu.externaltools.gnu-tools-for-stm32.7-2018-q2-update.win32_1.5.0.202011040924/tools/bin/../lib/gcc/arm-none-eabi/7.3.1/../../../../arm-none-eabi/lib/thumb/v6-m\libc_nano.a(lib_a-nano-vfprintf_i.o)
                0x00000000080052e4                _printf_i
 .text.memchr   0x00000000080054f4       0x16 c:/st/stm32cubeide_1.5.0/stm32cubeide/plugins/com.st.stm32cube.ide.mcu.externaltools.gnu-tools-for-stm32.7-2018-q2-update.win32_1.5.0.202011040924/tools/bin/../lib/gcc/arm-none-eabi/7.3.1/../../../../arm-none-eabi/lib/thumb/v6-m\libc_nano.a(lib_a-memchr-stub.o)
                0x00000000080054f4                memchr
 .text.memmove  0x000000000800550a       0x26 c:/st/stm32cubeide_1.5.0/stm32cubeide/plugins/com.st.stm32cube.ide.mcu.externaltools.gnu-tools-for-stm32.7-2018-q2-update.win32_1.5.0.202011040924/tools/bin/../lib/gcc/arm-none-eabi/7.3.1/../../../../arm-none-eabi/lib/thumb/v6-m\libc_nano.a(lib_a-memmove.o)
                0x000000000800550a                memmove
 .text._free_r  0x0000000008005530       0x94 c:/st/stm32cubeide_1.5.0/stm32cubeide/plugins/com.st.stm32cube.ide.mcu.externaltools.gnu-tools-for-stm32.7-2018-q2-update.win32_1.5.0.202011040924/tools/bin/../lib/gcc/arm-none-eabi/7.3.1/../../../../arm-none-eabi/lib/thumb/v6-m\libc_nano.a(lib_a-nano-freer.o)
                0x0000000008005530                _free_r
 .text._malloc_r
                0x00000000080055c4       0xbc c:/st/stm32cubeide_1.5.0/stm32cubeide/plugins/com.st.stm32cube.ide.mcu.externaltools.gnu-tools-for-stm32.7-2018-q2-update.win32_1.5.0.202011040924/tools/bin/../lib/gcc/arm-none-eabi/7.3.1/../../../../arm-none-eabi/lib/thumb/v6-m\libc_nano.a(lib_a-nano-mallocr.o)
                0x00000000080055c4                _malloc_r
 .text._realloc_r
                0x0000000008005680       0x4c c:/st/stm32cubeide_1.5.0/stm32cubeide/plugins/com.st.stm32cube.ide.mcu.externaltools.gnu-tools-for-stm32.7-2018-q2-update.win32_1.5.0.202011040924/tools/bin/../lib/gcc/arm-none-eabi/7.3.1/../../../../arm-none-eabi/lib/thumb/v6-m\libc_nano.a(lib_a-nano-reallocr.o)
                0x0000000008005680                _realloc_r
 .text._sbrk_r  0x00000000080056cc       0x24 c:/st/stm32cubeide_1.5.0/stm32cubeide/plugins/com.st.stm32cube.ide.mcu.externaltools.gnu-tools-for-stm32.7-2018-q2-update.win32_1.5.0.202011040924/tools/bin/../lib/gcc/arm-none-eabi/7.3.1/../../../../arm-none-eabi/lib/thumb/v6-m\libc_nano.a(lib_a-sbrkr.o)
                0x00000000080056cc                _sbrk_r
 .text.__malloc_lock
                0x00000000080056f0        0x2 c:/st/stm32cubeide_1.5.0/stm32cubeide/plugins/com.st.stm32cube.ide.mcu.externaltools.gnu-tools-for-stm32.7-2018-q2-update.win32_1.5.0.202011040924/tools/bin/../lib/gcc/arm-none-eabi/7.3.1/../../../../arm-none-eabi/lib/thumb/v6-m\libc_nano.a(lib_a-mlock.o)
                0x00000000080056f0                __malloc_lock
 .text.__malloc_unlock
                0x00000000080056f2        0x2 c:/st/stm32cubeide_1.5.0/stm32cubeide/plugins/com.st.stm32cube.ide.mcu.externaltools.gnu-tools-for-stm32.7-2018-q2-update.win32_1.5.0.202011040924/tools/bin/../lib/gcc/arm-none-eabi/7.3.1/../../../../arm-none-eabi/lib/thumb/v6-m\libc_nano.a(lib_a-mlock.o)
                0x00000000080056f2                __malloc_unlock
 .text._malloc_usable_size_r
                0x00000000080056f4       0x10 c:/st/stm32cubeide_1.5.0/stm32cubeide/plugins/com.st.stm32cube.ide.mcu.externaltools.gnu-tools-for-stm32.7-2018-q2-update.win32_1.5.0.202011040924/tools/bin/../lib/gcc/arm-none-eabi/7.3.1/../../../../arm-none-eabi/lib/thumb/v6-m\libc_nano.a(lib_a-nano-msizer.o)
                0x00000000080056f4                _malloc_usable_size_r
 .text.fmin     0x0000000008005704       0x38 c:/st/stm32cubeide_1.5.0/stm32cubeide/plugins/com.st.stm32cube.ide.mcu.externaltools.gnu-tools-for-stm32.7-2018-q2-update.win32_1.5.0.202011040924/tools/bin/../lib/gcc/arm-none-eabi/7.3.1/../../../../arm-none-eabi/lib/thumb/v6-m\libm.a(lib_a-s_fmin.o)
                0x0000000008005704                fmin
 .text.__fpclassifyd
                0x000000000800573c       0x50 c:/st/stm32cubeide_1.5.0/stm32cubeide/plugins/com.st.stm32cube.ide.mcu.externaltools.gnu-tools-for-stm32.7-2018-q2-update.win32_1.5.0.202011040924/tools/bin/../lib/gcc/arm-none-eabi/7.3.1/../../../../arm-none-eabi/lib/thumb/v6-m\libm.a(lib_a-s_fpclassify.o)
                0x000000000800573c                __fpclassifyd
 *(.glue_7)
 .glue_7        0x000000000800578c        0x0 linker stubs
 *(.glue_7t)
 .glue_7t       0x000000000800578c        0x0 linker stubs
 *(.eh_frame)
 .eh_frame      0x000000000800578c        0x0 c:/st/stm32cubeide_1.5.0/stm32cubeide/plugins/com.st.stm32cube.ide.mcu.externaltools.gnu-tools-for-stm32.7-2018-q2-update.win32_1.5.0.202011040924/tools/bin/../lib/gcc/arm-none-eabi/7.3.1/thumb/v6-m/crtbegin.o
 *(.init)
 .init          0x000000000800578c        0x4 c:/st/stm32cubeide_1.5.0/stm32cubeide/plugins/com.st.stm32cube.ide.mcu.externaltools.gnu-tools-for-stm32.7-2018-q2-update.win32_1.5.0.202011040924/tools/bin/../lib/gcc/arm-none-eabi/7.3.1/thumb/v6-m/crti.o
                0x000000000800578c                _init
 .init          0x0000000008005790        0x8 c:/st/stm32cubeide_1.5.0/stm32cubeide/plugins/com.st.stm32cube.ide.mcu.externaltools.gnu-tools-for-stm32.7-2018-q2-update.win32_1.5.0.202011040924/tools/bin/../lib/gcc/arm-none-eabi/7.3.1/thumb/v6-m/crtn.o
 *(.fini)
 .fini          0x0000000008005798        0x4 c:/st/stm32cubeide_1.5.0/stm32cubeide/plugins/com.st.stm32cube.ide.mcu.externaltools.gnu-tools-for-stm32.7-2018-q2-update.win32_1.5.0.202011040924/tools/bin/../lib/gcc/arm-none-eabi/7.3.1/thumb/v6-m/crti.o
                0x0000000008005798                _fini
 .fini          0x000000000800579c        0x8 c:/st/stm32cubeide_1.5.0/stm32cubeide/plugins/com.st.stm32cube.ide.mcu.externaltools.gnu-tools-for-stm32.7-2018-q2-update.win32_1.5.0.202011040924/tools/bin/../lib/gcc/arm-none-eabi/7.3.1/thumb/v6-m/crtn.o
                0x00000000080057a4                . = ALIGN (0x4)
                0x00000000080057a4                _etext = .

.vfp11_veneer   0x00000000080057a4        0x0
 .vfp11_veneer  0x00000000080057a4        0x0 linker stubs

.v4_bx          0x00000000080057a4        0x0
 .v4_bx         0x00000000080057a4        0x0 linker stubs

.iplt           0x00000000080057a4        0x0
 .iplt          0x00000000080057a4        0x0 c:/st/stm32cubeide_1.5.0/stm32cubeide/plugins/com.st.stm32cube.ide.mcu.externaltools.gnu-tools-for-stm32.7-2018-q2-update.win32_1.5.0.202011040924/tools/bin/../lib/gcc/arm-none-eabi/7.3.1/thumb/v6-m/crtbegin.o

.rodata         0x00000000080057a4      0x1cc
                0x00000000080057a4                . = ALIGN (0x4)
 *(.rodata)
 .rodata        0x00000000080057a4      0x14d Core/Src/main.o
 *fill*         0x00000000080058f1        0x3 
 .rodata        0x00000000080058f4       0x20 Drivers/STM32F0xx_HAL_Driver/Src/stm32f0xx_hal_rcc.o
 *(.rodata*)
 .rodata.main_menu
                0x0000000008005914       0x18 Core/Src/main.o
 .rodata.AHBPrescTable
                0x000000000800592c       0x10 Core/Src/system_stm32f0xx.o
                0x000000000800592c                AHBPrescTable
 .rodata._svfprintf_r.str1.1
                0x000000000800593c       0x11 c:/st/stm32cubeide_1.5.0/stm32cubeide/plugins/com.st.stm32cube.ide.mcu.externaltools.gnu-tools-for-stm32.7-2018-q2-update.win32_1.5.0.202011040924/tools/bin/../lib/gcc/arm-none-eabi/7.3.1/../../../../arm-none-eabi/lib/thumb/v6-m\libc_nano.a(lib_a-nano-svfprintf.o)
 .rodata._printf_i.str1.1
                0x000000000800594d       0x22 c:/st/stm32cubeide_1.5.0/stm32cubeide/plugins/com.st.stm32cube.ide.mcu.externaltools.gnu-tools-for-stm32.7-2018-q2-update.win32_1.5.0.202011040924/tools/bin/../lib/gcc/arm-none-eabi/7.3.1/../../../../arm-none-eabi/lib/thumb/v6-m\libc_nano.a(lib_a-nano-vfprintf_i.o)
                0x0000000008005970                . = ALIGN (0x4)
 *fill*         0x000000000800596f        0x1 

.rel.dyn        0x0000000008005970        0x0
 .rel.iplt      0x0000000008005970        0x0 c:/st/stm32cubeide_1.5.0/stm32cubeide/plugins/com.st.stm32cube.ide.mcu.externaltools.gnu-tools-for-stm32.7-2018-q2-update.win32_1.5.0.202011040924/tools/bin/../lib/gcc/arm-none-eabi/7.3.1/thumb/v6-m/crtbegin.o

.ARM.extab      0x0000000008005970        0x0
                0x0000000008005970                . = ALIGN (0x4)
 *(.ARM.extab* .gnu.linkonce.armextab.*)
                0x0000000008005970                . = ALIGN (0x4)

.ARM            0x0000000008005970        0x0
                0x0000000008005970                . = ALIGN (0x4)
                0x0000000008005970                __exidx_start = .
 *(.ARM.exidx*)
                0x0000000008005970                __exidx_end = .
                0x0000000008005970                . = ALIGN (0x4)

.preinit_array  0x0000000008005970        0x0
                0x0000000008005970                . = ALIGN (0x4)
                0x0000000008005970                PROVIDE (__preinit_array_start = .)
 *(.preinit_array*)
                0x0000000008005970                PROVIDE (__preinit_array_end = .)
                0x0000000008005970                . = ALIGN (0x4)

.init_array     0x0000000008005970        0x4
                0x0000000008005970                . = ALIGN (0x4)
                0x0000000008005970                PROVIDE (__init_array_start = .)
 *(SORT_BY_NAME(.init_array.*))
 *(.init_array*)
 .init_array    0x0000000008005970        0x4 c:/st/stm32cubeide_1.5.0/stm32cubeide/plugins/com.st.stm32cube.ide.mcu.externaltools.gnu-tools-for-stm32.7-2018-q2-update.win32_1.5.0.202011040924/tools/bin/../lib/gcc/arm-none-eabi/7.3.1/thumb/v6-m/crtbegin.o
                0x0000000008005974                PROVIDE (__init_array_end = .)
                0x0000000008005974                . = ALIGN (0x4)

.fini_array     0x0000000008005974        0x4
                0x0000000008005974                . = ALIGN (0x4)
                [!provide]                        PROVIDE (__fini_array_start = .)
 *(SORT_BY_NAME(.fini_array.*))
 *(.fini_array*)
 .fini_array    0x0000000008005974        0x4 c:/st/stm32cubeide_1.5.0/stm32cubeide/plugins/com.st.stm32cube.ide.mcu.externaltools.gnu-tools-for-stm32.7-2018-q2-update.win32_1.5.0.202011040924/tools/bin/../lib/gcc/arm-none-eabi/7.3.1/thumb/v6-m/crtbegin.o
                [!provide]                        PROVIDE (__fini_array_end = .)
                0x0000000008005978                . = ALIGN (0x4)
                0x0000000008005978                _sidata = LOADADDR (.data)

.data           0x0000000020000000       0xd4 load address 0x0000000008005978
                0x0000000020000000                . = ALIGN (0x4)
                0x0000000020000000                _sdata = .
 *(.data)
 *(.data*)
 .data.rtc_month_roman
                0x0000000020000000       0x30 Core/Src/main.o
 .data.rtc_day_str
                0x0000000020000030       0x1c Core/Src/main.o
 .data.menu_options.7872
                0x000000002000004c       0x18 Core/Src/main.o
 .data.SystemCoreClock
                0x0000000020000064        0x4 Core/Src/system_stm32f0xx.o
                0x0000000020000064                SystemCoreClock
 .data.uwTickPrio
                0x0000000020000068        0x4 Drivers/STM32F0xx_HAL_Driver/Src/stm32f0xx_hal.o
                0x0000000020000068                uwTickPrio
 .data.uwTickFreq
                0x000000002000006c        0x1 Drivers/STM32F0xx_HAL_Driver/Src/stm32f0xx_hal.o
                0x000000002000006c                uwTickFreq
 *fill*         0x000000002000006d        0x3 
 .data._impure_ptr
                0x0000000020000070        0x4 c:/st/stm32cubeide_1.5.0/stm32cubeide/plugins/com.st.stm32cube.ide.mcu.externaltools.gnu-tools-for-stm32.7-2018-q2-update.win32_1.5.0.202011040924/tools/bin/../lib/gcc/arm-none-eabi/7.3.1/../../../../arm-none-eabi/lib/thumb/v6-m\libc_nano.a(lib_a-impure.o)
                0x0000000020000070                _impure_ptr
 .data.impure_data
                0x0000000020000074       0x60 c:/st/stm32cubeide_1.5.0/stm32cubeide/plugins/com.st.stm32cube.ide.mcu.externaltools.gnu-tools-for-stm32.7-2018-q2-update.win32_1.5.0.202011040924/tools/bin/../lib/gcc/arm-none-eabi/7.3.1/../../../../arm-none-eabi/lib/thumb/v6-m\libc_nano.a(lib_a-impure.o)
 *(.RamFunc)
 *(.RamFunc*)
                0x00000000200000d4                . = ALIGN (0x4)
                0x00000000200000d4                _edata = .

.igot.plt       0x00000000200000d4        0x0 load address 0x0000000008005a4c
 .igot.plt      0x00000000200000d4        0x0 c:/st/stm32cubeide_1.5.0/stm32cubeide/plugins/com.st.stm32cube.ide.mcu.externaltools.gnu-tools-for-stm32.7-2018-q2-update.win32_1.5.0.202011040924/tools/bin/../lib/gcc/arm-none-eabi/7.3.1/thumb/v6-m/crtbegin.o
                0x00000000200000d4                . = ALIGN (0x4)

.bss            0x00000000200000d4      0x330 load address 0x0000000008005a4c
                0x00000000200000d4                _sbss = .
                0x00000000200000d4                __bss_start__ = _sbss
 *(.bss)
 .bss           0x00000000200000d4       0x1c c:/st/stm32cubeide_1.5.0/stm32cubeide/plugins/com.st.stm32cube.ide.mcu.externaltools.gnu-tools-for-stm32.7-2018-q2-update.win32_1.5.0.202011040924/tools/bin/../lib/gcc/arm-none-eabi/7.3.1/thumb/v6-m/crtbegin.o
 *(.bss*)
 .bss.buffer    0x00000000200000f0       0xe9 Core/Src/led_strip.o
 .bss.IT_every_1s
                0x00000000200001d9        0x1 Core/Src/main.o
                0x00000000200001d9                IT_every_1s
 *fill*         0x00000000200001da        0x2 
 .bss.time      0x00000000200001dc        0x3 Core/Src/main.o
                0x00000000200001dc                time
 *fill*         0x00000000200001df        0x1 
 .bss.date      0x00000000200001e0        0x4 Core/Src/main.o
                0x00000000200001e0                date
 .bss.__sbrk_heap_end
                0x00000000200001e4        0x4 Core/Src/sysmem.o
 .bss.__malloc_free_list
                0x00000000200001e8        0x4 c:/st/stm32cubeide_1.5.0/stm32cubeide/plugins/com.st.stm32cube.ide.mcu.externaltools.gnu-tools-for-stm32.7-2018-q2-update.win32_1.5.0.202011040924/tools/bin/../lib/gcc/arm-none-eabi/7.3.1/../../../../arm-none-eabi/lib/thumb/v6-m\libc_nano.a(lib_a-nano-mallocr.o)
                0x00000000200001e8                __malloc_free_list
 .bss.__malloc_sbrk_start
                0x00000000200001ec        0x4 c:/st/stm32cubeide_1.5.0/stm32cubeide/plugins/com.st.stm32cube.ide.mcu.externaltools.gnu-tools-for-stm32.7-2018-q2-update.win32_1.5.0.202011040924/tools/bin/../lib/gcc/arm-none-eabi/7.3.1/../../../../arm-none-eabi/lib/thumb/v6-m\libc_nano.a(lib_a-nano-mallocr.o)
                0x00000000200001ec                __malloc_sbrk_start
 *(COMMON)
 COMMON         0x00000000200001f0       0x48 Core/Src/basic_functionalities.o
                0x00000000200001f0                htimer6
 COMMON         0x0000000020000238       0x4d Core/Src/buzzer.o
                0x0000000020000238                htimer2
                0x0000000020000280                buzzer_freq
                0x0000000020000284                buzzer_melody
 *fill*         0x0000000020000285        0x3 
 COMMON         0x0000000020000288       0x98 Core/Src/i2c.o
                0x0000000020000288                hi2c1
                0x00000000200002d4                hi2c2
 COMMON         0x0000000020000320       0x48 Core/Src/led_strip.o
                0x0000000020000320                htimer3
 COMMON         0x0000000020000368       0x4d Core/Src/main.o
                0x0000000020000368                current_state
                0x000000002000036c                display
                0x000000002000038f                current_substate
                0x0000000020000390                display_line_1
                0x00000000200003a4                display_line_2
 *fill*         0x00000000200003b5        0x3 
 COMMON         0x00000000200003b8       0x44 Core/Src/msp.o
                0x00000000200003b8                hdma_tim3_ch1_trig
 COMMON         0x00000000200003fc        0x4 Drivers/STM32F0xx_HAL_Driver/Src/stm32f0xx_hal.o
                0x00000000200003fc                uwTick
 COMMON         0x0000000020000400        0x4 c:/st/stm32cubeide_1.5.0/stm32cubeide/plugins/com.st.stm32cube.ide.mcu.externaltools.gnu-tools-for-stm32.7-2018-q2-update.win32_1.5.0.202011040924/tools/bin/../lib/gcc/arm-none-eabi/7.3.1/../../../../arm-none-eabi/lib/thumb/v6-m\libc_nano.a(lib_a-reent.o)
                0x0000000020000400                errno
                0x0000000020000404                . = ALIGN (0x4)
                0x0000000020000404                _ebss = .
                0x0000000020000404                __bss_end__ = _ebss

._user_heap_stack
                0x0000000020000404      0x604 load address 0x0000000008005a4c
                0x0000000020000408                . = ALIGN (0x8)
 *fill*         0x0000000020000404        0x4 
                [!provide]                        PROVIDE (end = .)
                0x0000000020000408                PROVIDE (_end = .)
                0x0000000020000608                . = (. + _Min_Heap_Size)
 *fill*         0x0000000020000408      0x200 
                0x0000000020000a08                . = (. + _Min_Stack_Size)
 *fill*         0x0000000020000608      0x400 
                0x0000000020000a08                . = ALIGN (0x8)

/DISCARD/
 libc.a(*)
 libm.a(*)
 libgcc.a(*)

.ARM.attributes
                0x0000000000000000       0x28
 *(.ARM.attributes)
 .ARM.attributes
                0x0000000000000000       0x1e c:/st/stm32cubeide_1.5.0/stm32cubeide/plugins/com.st.stm32cube.ide.mcu.externaltools.gnu-tools-for-stm32.7-2018-q2-update.win32_1.5.0.202011040924/tools/bin/../lib/gcc/arm-none-eabi/7.3.1/thumb/v6-m/crti.o
 .ARM.attributes
                0x000000000000001e       0x2c c:/st/stm32cubeide_1.5.0/stm32cubeide/plugins/com.st.stm32cube.ide.mcu.externaltools.gnu-tools-for-stm32.7-2018-q2-update.win32_1.5.0.202011040924/tools/bin/../lib/gcc/arm-none-eabi/7.3.1/thumb/v6-m/crtbegin.o
 .ARM.attributes
                0x000000000000004a       0x31 Core/Src/basic_functionalities.o
 .ARM.attributes
                0x000000000000007b       0x31 Core/Src/buzzer.o
 .ARM.attributes
                0x00000000000000ac       0x31 Core/Src/gpio.o
 .ARM.attributes
                0x00000000000000dd       0x31 Core/Src/i2c.o
 .ARM.attributes
                0x000000000000010e       0x31 Core/Src/it.o
 .ARM.attributes
                0x000000000000013f       0x31 Core/Src/lcd.o
 .ARM.attributes
                0x0000000000000170       0x31 Core/Src/led_strip.o
 .ARM.attributes
                0x00000000000001a1       0x31 Core/Src/main.o
 .ARM.attributes
                0x00000000000001d2       0x31 Core/Src/msp.o
 .ARM.attributes
                0x0000000000000203       0x31 Core/Src/rtc.o
 .ARM.attributes
                0x0000000000000234       0x31 Core/Src/sysmem.o
 .ARM.attributes
                0x0000000000000265       0x31 Core/Src/system_stm32f0xx.o
 .ARM.attributes
                0x0000000000000296       0x21 Core/Startup/startup_stm32f072rbtx.o
 .ARM.attributes
                0x00000000000002b7       0x31 Drivers/STM32F0xx_HAL_Driver/Src/stm32f0xx_hal.o
 .ARM.attributes
                0x00000000000002e8       0x31 Drivers/STM32F0xx_HAL_Driver/Src/stm32f0xx_hal_cortex.o
 .ARM.attributes
                0x0000000000000319       0x31 Drivers/STM32F0xx_HAL_Driver/Src/stm32f0xx_hal_dma.o
 .ARM.attributes
                0x000000000000034a       0x31 Drivers/STM32F0xx_HAL_Driver/Src/stm32f0xx_hal_gpio.o
 .ARM.attributes
                0x000000000000037b       0x31 Drivers/STM32F0xx_HAL_Driver/Src/stm32f0xx_hal_i2c.o
 .ARM.attributes
                0x00000000000003ac       0x31 Drivers/STM32F0xx_HAL_Driver/Src/stm32f0xx_hal_i2c_ex.o
 .ARM.attributes
                0x00000000000003dd       0x31 Drivers/STM32F0xx_HAL_Driver/Src/stm32f0xx_hal_rcc.o
 .ARM.attributes
                0x000000000000040e       0x31 Drivers/STM32F0xx_HAL_Driver/Src/stm32f0xx_hal_tim.o
 .ARM.attributes
                0x000000000000043f       0x31 Drivers/STM32F0xx_HAL_Driver/Src/stm32f0xx_hal_tim_ex.o
 .ARM.attributes
                0x0000000000000470       0x2c c:/st/stm32cubeide_1.5.0/stm32cubeide/plugins/com.st.stm32cube.ide.mcu.externaltools.gnu-tools-for-stm32.7-2018-q2-update.win32_1.5.0.202011040924/tools/bin/../lib/gcc/arm-none-eabi/7.3.1/../../../../arm-none-eabi/lib/thumb/v6-m\libc_nano.a(lib_a-errno.o)
 .ARM.attributes
                0x000000000000049c       0x2c c:/st/stm32cubeide_1.5.0/stm32cubeide/plugins/com.st.stm32cube.ide.mcu.externaltools.gnu-tools-for-stm32.7-2018-q2-update.win32_1.5.0.202011040924/tools/bin/../lib/gcc/arm-none-eabi/7.3.1/../../../../arm-none-eabi/lib/thumb/v6-m\libc_nano.a(lib_a-impure.o)
 .ARM.attributes
                0x00000000000004c8       0x2c c:/st/stm32cubeide_1.5.0/stm32cubeide/plugins/com.st.stm32cube.ide.mcu.externaltools.gnu-tools-for-stm32.7-2018-q2-update.win32_1.5.0.202011040924/tools/bin/../lib/gcc/arm-none-eabi/7.3.1/../../../../arm-none-eabi/lib/thumb/v6-m\libc_nano.a(lib_a-init.o)
 .ARM.attributes
                0x00000000000004f4       0x2c c:/st/stm32cubeide_1.5.0/stm32cubeide/plugins/com.st.stm32cube.ide.mcu.externaltools.gnu-tools-for-stm32.7-2018-q2-update.win32_1.5.0.202011040924/tools/bin/../lib/gcc/arm-none-eabi/7.3.1/../../../../arm-none-eabi/lib/thumb/v6-m\libc_nano.a(lib_a-memcpy-stub.o)
 .ARM.attributes
                0x0000000000000520       0x2c c:/st/stm32cubeide_1.5.0/stm32cubeide/plugins/com.st.stm32cube.ide.mcu.externaltools.gnu-tools-for-stm32.7-2018-q2-update.win32_1.5.0.202011040924/tools/bin/../lib/gcc/arm-none-eabi/7.3.1/../../../../arm-none-eabi/lib/thumb/v6-m\libc_nano.a(lib_a-memset.o)
 .ARM.attributes
                0x000000000000054c       0x2c c:/st/stm32cubeide_1.5.0/stm32cubeide/plugins/com.st.stm32cube.ide.mcu.externaltools.gnu-tools-for-stm32.7-2018-q2-update.win32_1.5.0.202011040924/tools/bin/../lib/gcc/arm-none-eabi/7.3.1/../../../../arm-none-eabi/lib/thumb/v6-m\libc_nano.a(lib_a-sprintf.o)
 .ARM.attributes
                0x0000000000000578       0x2c c:/st/stm32cubeide_1.5.0/stm32cubeide/plugins/com.st.stm32cube.ide.mcu.externaltools.gnu-tools-for-stm32.7-2018-q2-update.win32_1.5.0.202011040924/tools/bin/../lib/gcc/arm-none-eabi/7.3.1/../../../../arm-none-eabi/lib/thumb/v6-m\libc_nano.a(lib_a-strcat.o)
 .ARM.attributes
                0x00000000000005a4       0x1c c:/st/stm32cubeide_1.5.0/stm32cubeide/plugins/com.st.stm32cube.ide.mcu.externaltools.gnu-tools-for-stm32.7-2018-q2-update.win32_1.5.0.202011040924/tools/bin/../lib/gcc/arm-none-eabi/7.3.1/../../../../arm-none-eabi/lib/thumb/v6-m\libc_nano.a(lib_a-strlen.o)
 .ARM.attributes
                0x00000000000005c0       0x2c c:/st/stm32cubeide_1.5.0/stm32cubeide/plugins/com.st.stm32cube.ide.mcu.externaltools.gnu-tools-for-stm32.7-2018-q2-update.win32_1.5.0.202011040924/tools/bin/../lib/gcc/arm-none-eabi/7.3.1/../../../../arm-none-eabi/lib/thumb/v6-m\libc_nano.a(lib_a-nano-svfprintf.o)
 .ARM.attributes
                0x00000000000005ec       0x2c c:/st/stm32cubeide_1.5.0/stm32cubeide/plugins/com.st.stm32cube.ide.mcu.externaltools.gnu-tools-for-stm32.7-2018-q2-update.win32_1.5.0.202011040924/tools/bin/../lib/gcc/arm-none-eabi/7.3.1/../../../../arm-none-eabi/lib/thumb/v6-m\libc_nano.a(lib_a-nano-vfprintf_i.o)
 .ARM.attributes
                0x0000000000000618       0x2c c:/st/stm32cubeide_1.5.0/stm32cubeide/plugins/com.st.stm32cube.ide.mcu.externaltools.gnu-tools-for-stm32.7-2018-q2-update.win32_1.5.0.202011040924/tools/bin/../lib/gcc/arm-none-eabi/7.3.1/../../../../arm-none-eabi/lib/thumb/v6-m\libc_nano.a(lib_a-memchr-stub.o)
 .ARM.attributes
                0x0000000000000644       0x2c c:/st/stm32cubeide_1.5.0/stm32cubeide/plugins/com.st.stm32cube.ide.mcu.externaltools.gnu-tools-for-stm32.7-2018-q2-update.win32_1.5.0.202011040924/tools/bin/../lib/gcc/arm-none-eabi/7.3.1/../../../../arm-none-eabi/lib/thumb/v6-m\libc_nano.a(lib_a-memmove.o)
 .ARM.attributes
                0x0000000000000670       0x2c c:/st/stm32cubeide_1.5.0/stm32cubeide/plugins/com.st.stm32cube.ide.mcu.externaltools.gnu-tools-for-stm32.7-2018-q2-update.win32_1.5.0.202011040924/tools/bin/../lib/gcc/arm-none-eabi/7.3.1/../../../../arm-none-eabi/lib/thumb/v6-m\libc_nano.a(lib_a-nano-freer.o)
 .ARM.attributes
                0x000000000000069c       0x2c c:/st/stm32cubeide_1.5.0/stm32cubeide/plugins/com.st.stm32cube.ide.mcu.externaltools.gnu-tools-for-stm32.7-2018-q2-update.win32_1.5.0.202011040924/tools/bin/../lib/gcc/arm-none-eabi/7.3.1/../../../../arm-none-eabi/lib/thumb/v6-m\libc_nano.a(lib_a-nano-mallocr.o)
 .ARM.attributes
                0x00000000000006c8       0x2c c:/st/stm32cubeide_1.5.0/stm32cubeide/plugins/com.st.stm32cube.ide.mcu.externaltools.gnu-tools-for-stm32.7-2018-q2-update.win32_1.5.0.202011040924/tools/bin/../lib/gcc/arm-none-eabi/7.3.1/../../../../arm-none-eabi/lib/thumb/v6-m\libc_nano.a(lib_a-nano-reallocr.o)
 .ARM.attributes
                0x00000000000006f4       0x2c c:/st/stm32cubeide_1.5.0/stm32cubeide/plugins/com.st.stm32cube.ide.mcu.externaltools.gnu-tools-for-stm32.7-2018-q2-update.win32_1.5.0.202011040924/tools/bin/../lib/gcc/arm-none-eabi/7.3.1/../../../../arm-none-eabi/lib/thumb/v6-m\libc_nano.a(lib_a-sbrkr.o)
 .ARM.attributes
                0x0000000000000720       0x2c c:/st/stm32cubeide_1.5.0/stm32cubeide/plugins/com.st.stm32cube.ide.mcu.externaltools.gnu-tools-for-stm32.7-2018-q2-update.win32_1.5.0.202011040924/tools/bin/../lib/gcc/arm-none-eabi/7.3.1/../../../../arm-none-eabi/lib/thumb/v6-m\libc_nano.a(lib_a-mlock.o)
 .ARM.attributes
                0x000000000000074c       0x2c c:/st/stm32cubeide_1.5.0/stm32cubeide/plugins/com.st.stm32cube.ide.mcu.externaltools.gnu-tools-for-stm32.7-2018-q2-update.win32_1.5.0.202011040924/tools/bin/../lib/gcc/arm-none-eabi/7.3.1/../../../../arm-none-eabi/lib/thumb/v6-m\libc_nano.a(lib_a-nano-msizer.o)
 .ARM.attributes
                0x0000000000000778       0x2c c:/st/stm32cubeide_1.5.0/stm32cubeide/plugins/com.st.stm32cube.ide.mcu.externaltools.gnu-tools-for-stm32.7-2018-q2-update.win32_1.5.0.202011040924/tools/bin/../lib/gcc/arm-none-eabi/7.3.1/../../../../arm-none-eabi/lib/thumb/v6-m\libc_nano.a(lib_a-reent.o)
 .ARM.attributes
                0x00000000000007a4       0x2c c:/st/stm32cubeide_1.5.0/stm32cubeide/plugins/com.st.stm32cube.ide.mcu.externaltools.gnu-tools-for-stm32.7-2018-q2-update.win32_1.5.0.202011040924/tools/bin/../lib/gcc/arm-none-eabi/7.3.1/../../../../arm-none-eabi/lib/thumb/v6-m\libm.a(lib_a-s_fmin.o)
 .ARM.attributes
                0x00000000000007d0       0x2c c:/st/stm32cubeide_1.5.0/stm32cubeide/plugins/com.st.stm32cube.ide.mcu.externaltools.gnu-tools-for-stm32.7-2018-q2-update.win32_1.5.0.202011040924/tools/bin/../lib/gcc/arm-none-eabi/7.3.1/../../../../arm-none-eabi/lib/thumb/v6-m\libm.a(lib_a-s_fpclassify.o)
 .ARM.attributes
                0x00000000000007fc       0x1e c:/st/stm32cubeide_1.5.0/stm32cubeide/plugins/com.st.stm32cube.ide.mcu.externaltools.gnu-tools-for-stm32.7-2018-q2-update.win32_1.5.0.202011040924/tools/bin/../lib/gcc/arm-none-eabi/7.3.1/thumb/v6-m\libgcc.a(_udivsi3.o)
 .ARM.attributes
                0x000000000000081a       0x1e c:/st/stm32cubeide_1.5.0/stm32cubeide/plugins/com.st.stm32cube.ide.mcu.externaltools.gnu-tools-for-stm32.7-2018-q2-update.win32_1.5.0.202011040924/tools/bin/../lib/gcc/arm-none-eabi/7.3.1/thumb/v6-m\libgcc.a(_dvmd_tls.o)
 .ARM.attributes
                0x0000000000000838       0x1e c:/st/stm32cubeide_1.5.0/stm32cubeide/plugins/com.st.stm32cube.ide.mcu.externaltools.gnu-tools-for-stm32.7-2018-q2-update.win32_1.5.0.202011040924/tools/bin/../lib/gcc/arm-none-eabi/7.3.1/thumb/v6-m\libgcc.a(_arm_cmpdf2.o)
 .ARM.attributes
                0x0000000000000856       0x2c c:/st/stm32cubeide_1.5.0/stm32cubeide/plugins/com.st.stm32cube.ide.mcu.externaltools.gnu-tools-for-stm32.7-2018-q2-update.win32_1.5.0.202011040924/tools/bin/../lib/gcc/arm-none-eabi/7.3.1/thumb/v6-m\libgcc.a(eqdf2.o)
 .ARM.attributes
                0x0000000000000882       0x2c c:/st/stm32cubeide_1.5.0/stm32cubeide/plugins/com.st.stm32cube.ide.mcu.externaltools.gnu-tools-for-stm32.7-2018-q2-update.win32_1.5.0.202011040924/tools/bin/../lib/gcc/arm-none-eabi/7.3.1/thumb/v6-m\libgcc.a(gedf2.o)
 .ARM.attributes
                0x00000000000008ae       0x2c c:/st/stm32cubeide_1.5.0/stm32cubeide/plugins/com.st.stm32cube.ide.mcu.externaltools.gnu-tools-for-stm32.7-2018-q2-update.win32_1.5.0.202011040924/tools/bin/../lib/gcc/arm-none-eabi/7.3.1/thumb/v6-m\libgcc.a(ledf2.o)
 .ARM.attributes
                0x00000000000008da       0x2c c:/st/stm32cubeide_1.5.0/stm32cubeide/plugins/com.st.stm32cube.ide.mcu.externaltools.gnu-tools-for-stm32.7-2018-q2-update.win32_1.5.0.202011040924/tools/bin/../lib/gcc/arm-none-eabi/7.3.1/thumb/v6-m\libgcc.a(floatsidf.o)
 .ARM.attributes
                0x0000000000000906       0x2c c:/st/stm32cubeide_1.5.0/stm32cubeide/plugins/com.st.stm32cube.ide.mcu.externaltools.gnu-tools-for-stm32.7-2018-q2-update.win32_1.5.0.202011040924/tools/bin/../lib/gcc/arm-none-eabi/7.3.1/thumb/v6-m\libgcc.a(floatunsidf.o)
 .ARM.attributes
                0x0000000000000932       0x1e c:/st/stm32cubeide_1.5.0/stm32cubeide/plugins/com.st.stm32cube.ide.mcu.externaltools.gnu-tools-for-stm32.7-2018-q2-update.win32_1.5.0.202011040924/tools/bin/../lib/gcc/arm-none-eabi/7.3.1/thumb/v6-m\libgcc.a(_clzsi2.o)
 .ARM.attributes
                0x0000000000000950       0x1e c:/st/stm32cubeide_1.5.0/stm32cubeide/plugins/com.st.stm32cube.ide.mcu.externaltools.gnu-tools-for-stm32.7-2018-q2-update.win32_1.5.0.202011040924/tools/bin/../lib/gcc/arm-none-eabi/7.3.1/thumb/v6-m/crtn.o
OUTPUT(Alarm_clock.elf elf32-littlearm)

.debug_info     0x0000000000000000    0x154e6
 .debug_info    0x0000000000000000     0x1539 Core/Src/basic_functionalities.o
 .debug_info    0x0000000000001539     0x1312 Core/Src/buzzer.o
 .debug_info    0x000000000000284b     0x1141 Core/Src/gpio.o
 .debug_info    0x000000000000398c      0xf03 Core/Src/i2c.o
 .debug_info    0x000000000000488f     0x1260 Core/Src/it.o
 .debug_info    0x0000000000005aef     0x1093 Core/Src/lcd.o
 .debug_info    0x0000000000006b82     0x1380 Core/Src/led_strip.o
 .debug_info    0x0000000000007f02     0x1617 Core/Src/main.o
 .debug_info    0x0000000000009519     0x16a5 Core/Src/msp.o
 .debug_info    0x000000000000abbe     0x125f Core/Src/rtc.o
 .debug_info    0x000000000000be1d      0x985 Core/Src/sysmem.o
 .debug_info    0x000000000000c7a2      0x29e Core/Src/system_stm32f0xx.o
 .debug_info    0x000000000000ca40       0x22 Core/Startup/startup_stm32f072rbtx.o
 .debug_info    0x000000000000ca62      0x6c0 Drivers/STM32F0xx_HAL_Driver/Src/stm32f0xx_hal.o
 .debug_info    0x000000000000d122      0x78c Drivers/STM32F0xx_HAL_Driver/Src/stm32f0xx_hal_cortex.o
 .debug_info    0x000000000000d8ae      0x7a9 Drivers/STM32F0xx_HAL_Driver/Src/stm32f0xx_hal_dma.o
 .debug_info    0x000000000000e057      0x689 Drivers/STM32F0xx_HAL_Driver/Src/stm32f0xx_hal_gpio.o
 .debug_info    0x000000000000e6e0     0x1fc3 Drivers/STM32F0xx_HAL_Driver/Src/stm32f0xx_hal_i2c.o
 .debug_info    0x00000000000106a3      0x8c9 Drivers/STM32F0xx_HAL_Driver/Src/stm32f0xx_hal_i2c_ex.o
 .debug_info    0x0000000000010f6c      0x82d Drivers/STM32F0xx_HAL_Driver/Src/stm32f0xx_hal_rcc.o
 .debug_info    0x0000000000011799     0x2949 Drivers/STM32F0xx_HAL_Driver/Src/stm32f0xx_hal_tim.o
 .debug_info    0x00000000000140e2     0x1404 Drivers/STM32F0xx_HAL_Driver/Src/stm32f0xx_hal_tim_ex.o

.debug_abbrev   0x0000000000000000     0x2b23
 .debug_abbrev  0x0000000000000000      0x242 Core/Src/basic_functionalities.o
 .debug_abbrev  0x0000000000000242      0x248 Core/Src/buzzer.o
 .debug_abbrev  0x000000000000048a      0x20a Core/Src/gpio.o
 .debug_abbrev  0x0000000000000694      0x1cb Core/Src/i2c.o
 .debug_abbrev  0x000000000000085f      0x1e7 Core/Src/it.o
 .debug_abbrev  0x0000000000000a46      0x22f Core/Src/lcd.o
 .debug_abbrev  0x0000000000000c75      0x255 Core/Src/led_strip.o
 .debug_abbrev  0x0000000000000eca      0x275 Core/Src/main.o
 .debug_abbrev  0x000000000000113f      0x22c Core/Src/msp.o
 .debug_abbrev  0x000000000000136b      0x278 Core/Src/rtc.o
 .debug_abbrev  0x00000000000015e3      0x19b Core/Src/sysmem.o
 .debug_abbrev  0x000000000000177e      0x12b Core/Src/system_stm32f0xx.o
 .debug_abbrev  0x00000000000018a9       0x12 Core/Startup/startup_stm32f072rbtx.o
 .debug_abbrev  0x00000000000018bb      0x1c7 Drivers/STM32F0xx_HAL_Driver/Src/stm32f0xx_hal.o
 .debug_abbrev  0x0000000000001a82      0x273 Drivers/STM32F0xx_HAL_Driver/Src/stm32f0xx_hal_cortex.o
 .debug_abbrev  0x0000000000001cf5      0x216 Drivers/STM32F0xx_HAL_Driver/Src/stm32f0xx_hal_dma.o
 .debug_abbrev  0x0000000000001f0b      0x1c0 Drivers/STM32F0xx_HAL_Driver/Src/stm32f0xx_hal_gpio.o
 .debug_abbrev  0x00000000000020cb      0x22a Drivers/STM32F0xx_HAL_Driver/Src/stm32f0xx_hal_i2c.o
 .debug_abbrev  0x00000000000022f5      0x1b9 Drivers/STM32F0xx_HAL_Driver/Src/stm32f0xx_hal_i2c_ex.o
 .debug_abbrev  0x00000000000024ae      0x20f Drivers/STM32F0xx_HAL_Driver/Src/stm32f0xx_hal_rcc.o
 .debug_abbrev  0x00000000000026bd      0x230 Drivers/STM32F0xx_HAL_Driver/Src/stm32f0xx_hal_tim.o
 .debug_abbrev  0x00000000000028ed      0x236 Drivers/STM32F0xx_HAL_Driver/Src/stm32f0xx_hal_tim_ex.o

.debug_aranges  0x0000000000000000      0xdf0
 .debug_aranges
                0x0000000000000000       0x38 Core/Src/basic_functionalities.o
 .debug_aranges
                0x0000000000000038       0x40 Core/Src/buzzer.o
 .debug_aranges
                0x0000000000000078       0x28 Core/Src/gpio.o
 .debug_aranges
                0x00000000000000a0       0x28 Core/Src/i2c.o
 .debug_aranges
                0x00000000000000c8       0x48 Core/Src/it.o
 .debug_aranges
                0x0000000000000110       0x40 Core/Src/lcd.o
 .debug_aranges
                0x0000000000000150       0x30 Core/Src/led_strip.o
 .debug_aranges
                0x0000000000000180       0x48 Core/Src/main.o
 .debug_aranges
                0x00000000000001c8       0x40 Core/Src/msp.o
 .debug_aranges
                0x0000000000000208       0x78 Core/Src/rtc.o
 .debug_aranges
                0x0000000000000280       0x20 Core/Src/sysmem.o
 .debug_aranges
                0x00000000000002a0       0x28 Core/Src/system_stm32f0xx.o
 .debug_aranges
                0x00000000000002c8       0x28 Core/Startup/startup_stm32f072rbtx.o
 .debug_aranges
                0x00000000000002f0       0xd0 Drivers/STM32F0xx_HAL_Driver/Src/stm32f0xx_hal.o
 .debug_aranges
                0x00000000000003c0       0xc0 Drivers/STM32F0xx_HAL_Driver/Src/stm32f0xx_hal_cortex.o
 .debug_aranges
                0x0000000000000480       0x88 Drivers/STM32F0xx_HAL_Driver/Src/stm32f0xx_hal_dma.o
 .debug_aranges
                0x0000000000000508       0x58 Drivers/STM32F0xx_HAL_Driver/Src/stm32f0xx_hal_gpio.o
 .debug_aranges
                0x0000000000000560      0x290 Drivers/STM32F0xx_HAL_Driver/Src/stm32f0xx_hal_i2c.o
 .debug_aranges
                0x00000000000007f0       0x48 Drivers/STM32F0xx_HAL_Driver/Src/stm32f0xx_hal_i2c_ex.o
 .debug_aranges
                0x0000000000000838       0x80 Drivers/STM32F0xx_HAL_Driver/Src/stm32f0xx_hal_rcc.o
 .debug_aranges
                0x00000000000008b8      0x3d0 Drivers/STM32F0xx_HAL_Driver/Src/stm32f0xx_hal_tim.o
 .debug_aranges
                0x0000000000000c88      0x168 Drivers/STM32F0xx_HAL_Driver/Src/stm32f0xx_hal_tim_ex.o

.debug_ranges   0x0000000000000000      0xc98
 .debug_ranges  0x0000000000000000       0x28 Core/Src/basic_functionalities.o
 .debug_ranges  0x0000000000000028       0x30 Core/Src/buzzer.o
 .debug_ranges  0x0000000000000058       0x18 Core/Src/gpio.o
 .debug_ranges  0x0000000000000070       0x18 Core/Src/i2c.o
 .debug_ranges  0x0000000000000088       0x38 Core/Src/it.o
 .debug_ranges  0x00000000000000c0       0x30 Core/Src/lcd.o
 .debug_ranges  0x00000000000000f0       0x20 Core/Src/led_strip.o
 .debug_ranges  0x0000000000000110       0x38 Core/Src/main.o
 .debug_ranges  0x0000000000000148       0x30 Core/Src/msp.o
 .debug_ranges  0x0000000000000178       0x68 Core/Src/rtc.o
 .debug_ranges  0x00000000000001e0       0x10 Core/Src/sysmem.o
 .debug_ranges  0x00000000000001f0       0x18 Core/Src/system_stm32f0xx.o
 .debug_ranges  0x0000000000000208       0x20 Core/Startup/startup_stm32f072rbtx.o
 .debug_ranges  0x0000000000000228       0xc0 Drivers/STM32F0xx_HAL_Driver/Src/stm32f0xx_hal.o
 .debug_ranges  0x00000000000002e8       0xb0 Drivers/STM32F0xx_HAL_Driver/Src/stm32f0xx_hal_cortex.o
 .debug_ranges  0x0000000000000398       0x78 Drivers/STM32F0xx_HAL_Driver/Src/stm32f0xx_hal_dma.o
 .debug_ranges  0x0000000000000410       0x48 Drivers/STM32F0xx_HAL_Driver/Src/stm32f0xx_hal_gpio.o
 .debug_ranges  0x0000000000000458      0x280 Drivers/STM32F0xx_HAL_Driver/Src/stm32f0xx_hal_i2c.o
 .debug_ranges  0x00000000000006d8       0x38 Drivers/STM32F0xx_HAL_Driver/Src/stm32f0xx_hal_i2c_ex.o
 .debug_ranges  0x0000000000000710       0x70 Drivers/STM32F0xx_HAL_Driver/Src/stm32f0xx_hal_rcc.o
 .debug_ranges  0x0000000000000780      0x3c0 Drivers/STM32F0xx_HAL_Driver/Src/stm32f0xx_hal_tim.o
 .debug_ranges  0x0000000000000b40      0x158 Drivers/STM32F0xx_HAL_Driver/Src/stm32f0xx_hal_tim_ex.o

.debug_macro    0x0000000000000000    0x1bf39
 .debug_macro   0x0000000000000000      0x3a8 Core/Src/basic_functionalities.o
 .debug_macro   0x00000000000003a8      0xa48 Core/Src/basic_functionalities.o
 .debug_macro   0x0000000000000df0      0x12d Core/Src/basic_functionalities.o
 .debug_macro   0x0000000000000f1d       0x2e Core/Src/basic_functionalities.o
 .debug_macro   0x0000000000000f4b       0x22 Core/Src/basic_functionalities.o
 .debug_macro   0x0000000000000f6d       0x22 Core/Src/basic_functionalities.o
 .debug_macro   0x0000000000000f8f       0x8e Core/Src/basic_functionalities.o
 .debug_macro   0x000000000000101d       0x51 Core/Src/basic_functionalities.o
 .debug_macro   0x000000000000106e       0xef Core/Src/basic_functionalities.o
 .debug_macro   0x000000000000115d       0x6a Core/Src/basic_functionalities.o
 .debug_macro   0x00000000000011c7      0x1df Core/Src/basic_functionalities.o
 .debug_macro   0x00000000000013a6       0x1c Core/Src/basic_functionalities.o
 .debug_macro   0x00000000000013c2       0x22 Core/Src/basic_functionalities.o
 .debug_macro   0x00000000000013e4       0xb5 Core/Src/basic_functionalities.o
 .debug_macro   0x0000000000001499      0x391 Core/Src/basic_functionalities.o
 .debug_macro   0x000000000000182a     0xfe57 Core/Src/basic_functionalities.o
 .debug_macro   0x0000000000011681       0x66 Core/Src/basic_functionalities.o
 .debug_macro   0x00000000000116e7     0x34a6 Core/Src/basic_functionalities.o
 .debug_macro   0x0000000000014b8d      0x174 Core/Src/basic_functionalities.o
 .debug_macro   0x0000000000014d01       0x55 Core/Src/basic_functionalities.o
 .debug_macro   0x0000000000014d56      0x946 Core/Src/basic_functionalities.o
 .debug_macro   0x000000000001569c      0x5f3 Core/Src/basic_functionalities.o
 .debug_macro   0x0000000000015c8f      0x1af Core/Src/basic_functionalities.o
 .debug_macro   0x0000000000015e3e      0x1a7 Core/Src/basic_functionalities.o
 .debug_macro   0x0000000000015fe5      0x1a7 Core/Src/basic_functionalities.o
 .debug_macro   0x000000000001618c      0x22c Core/Src/basic_functionalities.o
 .debug_macro   0x00000000000163b8       0x34 Core/Src/basic_functionalities.o
 .debug_macro   0x00000000000163ec       0x43 Core/Src/basic_functionalities.o
 .debug_macro   0x000000000001642f       0x28 Core/Src/basic_functionalities.o
 .debug_macro   0x0000000000016457       0xb0 Core/Src/basic_functionalities.o
 .debug_macro   0x0000000000016507      0x217 Core/Src/basic_functionalities.o
 .debug_macro   0x000000000001671e      0x22c Core/Src/basic_functionalities.o
 .debug_macro   0x000000000001694a       0x61 Core/Src/basic_functionalities.o
 .debug_macro   0x00000000000169ab       0xa5 Core/Src/basic_functionalities.o
 .debug_macro   0x0000000000016a50       0x4c Core/Src/basic_functionalities.o
 .debug_macro   0x0000000000016a9c      0x16d Core/Src/basic_functionalities.o
 .debug_macro   0x0000000000016c09      0x8d8 Core/Src/basic_functionalities.o
 .debug_macro   0x00000000000174e1       0x28 Core/Src/basic_functionalities.o
 .debug_macro   0x0000000000017509      0x130 Core/Src/basic_functionalities.o
 .debug_macro   0x0000000000017639       0x22 Core/Src/basic_functionalities.o
 .debug_macro   0x000000000001765b       0x46 Core/Src/basic_functionalities.o
 .debug_macro   0x00000000000176a1       0x18 Core/Src/basic_functionalities.o
 .debug_macro   0x00000000000176b9       0x3c Core/Src/basic_functionalities.o
 .debug_macro   0x00000000000176f5       0x34 Core/Src/basic_functionalities.o
 .debug_macro   0x0000000000017729       0x52 Core/Src/basic_functionalities.o
 .debug_macro   0x000000000001777b       0x1f Core/Src/basic_functionalities.o
 .debug_macro   0x000000000001779a       0x43 Core/Src/basic_functionalities.o
 .debug_macro   0x00000000000177dd       0x20 Core/Src/basic_functionalities.o
 .debug_macro   0x00000000000177fd      0x1a3 Core/Src/basic_functionalities.o
 .debug_macro   0x00000000000179a0      0x32a Core/Src/basic_functionalities.o
 .debug_macro   0x0000000000017cca       0x10 Core/Src/basic_functionalities.o
 .debug_macro   0x0000000000017cda       0x35 Core/Src/basic_functionalities.o
 .debug_macro   0x0000000000017d0f       0x20 Core/Src/basic_functionalities.o
 .debug_macro   0x0000000000017d2f       0x1c Core/Src/basic_functionalities.o
 .debug_macro   0x0000000000017d4b       0x10 Core/Src/basic_functionalities.o
 .debug_macro   0x0000000000017d5b       0x10 Core/Src/basic_functionalities.o
 .debug_macro   0x0000000000017d6b       0x1c Core/Src/basic_functionalities.o
 .debug_macro   0x0000000000017d87       0x52 Core/Src/basic_functionalities.o
 .debug_macro   0x0000000000017dd9       0x40 Core/Src/basic_functionalities.o
 .debug_macro   0x0000000000017e19       0x10 Core/Src/basic_functionalities.o
 .debug_macro   0x0000000000017e29       0x40 Core/Src/basic_functionalities.o
 .debug_macro   0x0000000000017e69       0xd7 Core/Src/basic_functionalities.o
 .debug_macro   0x0000000000017f40       0x1c Core/Src/basic_functionalities.o
 .debug_macro   0x0000000000017f5c       0x3d Core/Src/basic_functionalities.o
 .debug_macro   0x0000000000017f99       0x16 Core/Src/basic_functionalities.o
 .debug_macro   0x0000000000017faf      0x145 Core/Src/basic_functionalities.o
 .debug_macro   0x00000000000180f4      0x1e1 Core/Src/basic_functionalities.o
 .debug_macro   0x00000000000182d5       0x7c Core/Src/basic_functionalities.o
 .debug_macro   0x0000000000018351      0x1a8 Core/Src/basic_functionalities.o
 .debug_macro   0x00000000000184f9       0x3a Core/Src/basic_functionalities.o
 .debug_macro   0x0000000000018533       0x70 Core/Src/basic_functionalities.o
 .debug_macro   0x00000000000185a3       0x46 Core/Src/basic_functionalities.o
 .debug_macro   0x00000000000185e9       0x5e Core/Src/basic_functionalities.o
 .debug_macro   0x0000000000018647      0x3ae Core/Src/buzzer.o
 .debug_macro   0x00000000000189f5       0x34 Core/Src/buzzer.o
 .debug_macro   0x0000000000018a29      0x3ae Core/Src/gpio.o
 .debug_macro   0x0000000000018dd7       0x6a Core/Src/gpio.o
 .debug_macro   0x0000000000018e41      0x3a8 Core/Src/i2c.o
 .debug_macro   0x00000000000191e9      0x3ae Core/Src/it.o
 .debug_macro   0x0000000000019597      0x3ae Core/Src/lcd.o
 .debug_macro   0x0000000000019945       0x76 Core/Src/lcd.o
 .debug_macro   0x00000000000199bb      0x3ae Core/Src/led_strip.o
 .debug_macro   0x0000000000019d69       0x40 Core/Src/led_strip.o
 .debug_macro   0x0000000000019da9      0x3a4 Core/Src/main.o
 .debug_macro   0x000000000001a14d      0x3a4 Core/Src/msp.o
 .debug_macro   0x000000000001a4f1      0x3ae Core/Src/rtc.o
 .debug_macro   0x000000000001a89f      0x1a2 Core/Src/rtc.o
 .debug_macro   0x000000000001aa41       0xee Core/Src/sysmem.o
 .debug_macro   0x000000000001ab2f      0x23b Core/Src/sysmem.o
 .debug_macro   0x000000000001ad6a      0x1ae Core/Src/system_stm32f0xx.o
 .debug_macro   0x000000000001af18      0x1d2 Drivers/STM32F0xx_HAL_Driver/Src/stm32f0xx_hal.o
 .debug_macro   0x000000000001b0ea      0x1ae Drivers/STM32F0xx_HAL_Driver/Src/stm32f0xx_hal_cortex.o
 .debug_macro   0x000000000001b298      0x1ae Drivers/STM32F0xx_HAL_Driver/Src/stm32f0xx_hal_dma.o
 .debug_macro   0x000000000001b446      0x1b5 Drivers/STM32F0xx_HAL_Driver/Src/stm32f0xx_hal_gpio.o
 .debug_macro   0x000000000001b5fb      0x273 Drivers/STM32F0xx_HAL_Driver/Src/stm32f0xx_hal_i2c.o
 .debug_macro   0x000000000001b86e      0x1ae Drivers/STM32F0xx_HAL_Driver/Src/stm32f0xx_hal_i2c_ex.o
 .debug_macro   0x000000000001ba1c      0x1c0 Drivers/STM32F0xx_HAL_Driver/Src/stm32f0xx_hal_rcc.o
 .debug_macro   0x000000000001bbdc      0x1af Drivers/STM32F0xx_HAL_Driver/Src/stm32f0xx_hal_tim.o
 .debug_macro   0x000000000001bd8b      0x1ae Drivers/STM32F0xx_HAL_Driver/Src/stm32f0xx_hal_tim_ex.o

.debug_line     0x0000000000000000     0xedd5
 .debug_line    0x0000000000000000      0x971 Core/Src/basic_functionalities.o
 .debug_line    0x0000000000000971      0x96b Core/Src/buzzer.o
 .debug_line    0x00000000000012dc      0x942 Core/Src/gpio.o
 .debug_line    0x0000000000001c1e      0x93a Core/Src/i2c.o
 .debug_line    0x0000000000002558      0x975 Core/Src/it.o
 .debug_line    0x0000000000002ecd      0x9c2 Core/Src/lcd.o
 .debug_line    0x000000000000388f      0x984 Core/Src/led_strip.o
 .debug_line    0x0000000000004213      0xa5e Core/Src/main.o
 .debug_line    0x0000000000004c71      0x98d Core/Src/msp.o
 .debug_line    0x00000000000055fe      0xa1e Core/Src/rtc.o
 .debug_line    0x000000000000601c      0x4c7 Core/Src/sysmem.o
 .debug_line    0x00000000000064e3      0x6cd Core/Src/system_stm32f0xx.o
 .debug_line    0x0000000000006bb0       0x89 Core/Startup/startup_stm32f072rbtx.o
 .debug_line    0x0000000000006c39      0x860 Drivers/STM32F0xx_HAL_Driver/Src/stm32f0xx_hal.o
 .debug_line    0x0000000000007499      0x878 Drivers/STM32F0xx_HAL_Driver/Src/stm32f0xx_hal_cortex.o
 .debug_line    0x0000000000007d11      0x8be Drivers/STM32F0xx_HAL_Driver/Src/stm32f0xx_hal_dma.o
 .debug_line    0x00000000000085cf      0x82a Drivers/STM32F0xx_HAL_Driver/Src/stm32f0xx_hal_gpio.o
 .debug_line    0x0000000000008df9     0x1ada Drivers/STM32F0xx_HAL_Driver/Src/stm32f0xx_hal_i2c.o
 .debug_line    0x000000000000a8d3      0x7ee Drivers/STM32F0xx_HAL_Driver/Src/stm32f0xx_hal_i2c_ex.o
 .debug_line    0x000000000000b0c1      0x94d Drivers/STM32F0xx_HAL_Driver/Src/stm32f0xx_hal_rcc.o
 .debug_line    0x000000000000ba0e     0x223f Drivers/STM32F0xx_HAL_Driver/Src/stm32f0xx_hal_tim.o
 .debug_line    0x000000000000dc4d     0x1188 Drivers/STM32F0xx_HAL_Driver/Src/stm32f0xx_hal_tim_ex.o

.debug_str      0x0000000000000000    0x96ca0
 .debug_str     0x0000000000000000    0x93481 Core/Src/basic_functionalities.o
                                      0x9397e (size before relaxing)
 .debug_str     0x0000000000093481      0x106 Core/Src/buzzer.o
                                      0x936c0 (size before relaxing)
 .debug_str     0x0000000000093587       0xb1 Core/Src/gpio.o
                                      0x933e1 (size before relaxing)
 .debug_str     0x0000000000093638       0x26 Core/Src/i2c.o
                                      0x932fc (size before relaxing)
 .debug_str     0x000000000009365e       0x6a Core/Src/it.o
                                      0x93660 (size before relaxing)
 .debug_str     0x00000000000936c8       0x88 Core/Src/lcd.o
                                      0x93368 (size before relaxing)
 .debug_str     0x0000000000093750       0xc3 Core/Src/led_strip.o
                                      0x936dd (size before relaxing)
 .debug_str     0x0000000000093813      0x175 Core/Src/main.o
                                      0x937d4 (size before relaxing)
 .debug_str     0x0000000000093988       0x9d Core/Src/msp.o
                                      0x938fd (size before relaxing)
 .debug_str     0x0000000000093a25      0x104 Core/Src/rtc.o
                                      0x9342c (size before relaxing)
 .debug_str     0x0000000000093b29      0x4e9 Core/Src/sysmem.o
                                       0x5eba (size before relaxing)
 .debug_str     0x0000000000094012       0x5f Core/Src/system_stm32f0xx.o
                                      0x8d869 (size before relaxing)
 .debug_str     0x0000000000094071       0x36 Core/Startup/startup_stm32f072rbtx.o
                                         0x70 (size before relaxing)
 .debug_str     0x00000000000940a7      0x305 Drivers/STM32F0xx_HAL_Driver/Src/stm32f0xx_hal.o
                                      0x8ddd7 (size before relaxing)
 .debug_str     0x00000000000943ac      0x204 Drivers/STM32F0xx_HAL_Driver/Src/stm32f0xx_hal_cortex.o
                                      0x8dc8b (size before relaxing)
 .debug_str     0x00000000000945b0      0x24d Drivers/STM32F0xx_HAL_Driver/Src/stm32f0xx_hal_dma.o
                                      0x8dc41 (size before relaxing)
 .debug_str     0x00000000000947fd      0x151 Drivers/STM32F0xx_HAL_Driver/Src/stm32f0xx_hal_gpio.o
                                      0x8da48 (size before relaxing)
 .debug_str     0x000000000009494e      0xdd4 Drivers/STM32F0xx_HAL_Driver/Src/stm32f0xx_hal_i2c.o
                                      0x8eb1d (size before relaxing)
 .debug_str     0x0000000000095722       0xb8 Drivers/STM32F0xx_HAL_Driver/Src/stm32f0xx_hal_i2c_ex.o
                                      0x8de07 (size before relaxing)
 .debug_str     0x00000000000957da      0x235 Drivers/STM32F0xx_HAL_Driver/Src/stm32f0xx_hal_rcc.o
                                      0x8dc7e (size before relaxing)
 .debug_str     0x0000000000095a0f      0xd59 Drivers/STM32F0xx_HAL_Driver/Src/stm32f0xx_hal_tim.o
                                      0x8ec24 (size before relaxing)
 .debug_str     0x0000000000096768      0x538 Drivers/STM32F0xx_HAL_Driver/Src/stm32f0xx_hal_tim_ex.o
                                      0x8e3d5 (size before relaxing)

.comment        0x0000000000000000       0x7b
 .comment       0x0000000000000000       0x7b Core/Src/basic_functionalities.o
                                         0x7c (size before relaxing)
 .comment       0x000000000000007b       0x7c Core/Src/buzzer.o
 .comment       0x000000000000007b       0x7c Core/Src/gpio.o
 .comment       0x000000000000007b       0x7c Core/Src/i2c.o
 .comment       0x000000000000007b       0x7c Core/Src/it.o
 .comment       0x000000000000007b       0x7c Core/Src/lcd.o
 .comment       0x000000000000007b       0x7c Core/Src/led_strip.o
 .comment       0x000000000000007b       0x7c Core/Src/main.o
 .comment       0x000000000000007b       0x7c Core/Src/msp.o
 .comment       0x000000000000007b       0x7c Core/Src/rtc.o
 .comment       0x000000000000007b       0x7c Core/Src/sysmem.o
 .comment       0x000000000000007b       0x7c Core/Src/system_stm32f0xx.o
 .comment       0x000000000000007b       0x7c Drivers/STM32F0xx_HAL_Driver/Src/stm32f0xx_hal.o
 .comment       0x000000000000007b       0x7c Drivers/STM32F0xx_HAL_Driver/Src/stm32f0xx_hal_cortex.o
 .comment       0x000000000000007b       0x7c Drivers/STM32F0xx_HAL_Driver/Src/stm32f0xx_hal_dma.o
 .comment       0x000000000000007b       0x7c Drivers/STM32F0xx_HAL_Driver/Src/stm32f0xx_hal_gpio.o
 .comment       0x000000000000007b       0x7c Drivers/STM32F0xx_HAL_Driver/Src/stm32f0xx_hal_i2c.o
 .comment       0x000000000000007b       0x7c Drivers/STM32F0xx_HAL_Driver/Src/stm32f0xx_hal_i2c_ex.o
 .comment       0x000000000000007b       0x7c Drivers/STM32F0xx_HAL_Driver/Src/stm32f0xx_hal_rcc.o
 .comment       0x000000000000007b       0x7c Drivers/STM32F0xx_HAL_Driver/Src/stm32f0xx_hal_tim.o
 .comment       0x000000000000007b       0x7c Drivers/STM32F0xx_HAL_Driver/Src/stm32f0xx_hal_tim_ex.o

.debug_frame    0x0000000000000000     0x3508
 .debug_frame   0x0000000000000000       0x88 Core/Src/basic_functionalities.o
 .debug_frame   0x0000000000000088       0xa8 Core/Src/buzzer.o
 .debug_frame   0x0000000000000130       0x50 Core/Src/gpio.o
 .debug_frame   0x0000000000000180       0x48 Core/Src/i2c.o
 .debug_frame   0x00000000000001c8       0xb8 Core/Src/it.o
 .debug_frame   0x0000000000000280       0xb8 Core/Src/lcd.o
 .debug_frame   0x0000000000000338       0x70 Core/Src/led_strip.o
 .debug_frame   0x00000000000003a8       0xd4 Core/Src/main.o
 .debug_frame   0x000000000000047c       0xb0 Core/Src/msp.o
 .debug_frame   0x000000000000052c      0x194 Core/Src/rtc.o
 .debug_frame   0x00000000000006c0       0x30 Core/Src/sysmem.o
 .debug_frame   0x00000000000006f0       0x4c Core/Src/system_stm32f0xx.o
 .debug_frame   0x000000000000073c      0x2a4 Drivers/STM32F0xx_HAL_Driver/Src/stm32f0xx_hal.o
 .debug_frame   0x00000000000009e0      0x2a0 Drivers/STM32F0xx_HAL_Driver/Src/stm32f0xx_hal_cortex.o
 .debug_frame   0x0000000000000c80      0x1d0 Drivers/STM32F0xx_HAL_Driver/Src/stm32f0xx_hal_dma.o
 .debug_frame   0x0000000000000e50      0x110 Drivers/STM32F0xx_HAL_Driver/Src/stm32f0xx_hal_gpio.o
 .debug_frame   0x0000000000000f60      0xa20 Drivers/STM32F0xx_HAL_Driver/Src/stm32f0xx_hal_i2c.o
 .debug_frame   0x0000000000001980       0xd0 Drivers/STM32F0xx_HAL_Driver/Src/stm32f0xx_hal_i2c_ex.o
 .debug_frame   0x0000000000001a50      0x198 Drivers/STM32F0xx_HAL_Driver/Src/stm32f0xx_hal_rcc.o
 .debug_frame   0x0000000000001be8      0xef8 Drivers/STM32F0xx_HAL_Driver/Src/stm32f0xx_hal_tim.o
 .debug_frame   0x0000000000002ae0      0x550 Drivers/STM32F0xx_HAL_Driver/Src/stm32f0xx_hal_tim_ex.o
 .debug_frame   0x0000000000003030       0x20 c:/st/stm32cubeide_1.5.0/stm32cubeide/plugins/com.st.stm32cube.ide.mcu.externaltools.gnu-tools-for-stm32.7-2018-q2-update.win32_1.5.0.202011040924/tools/bin/../lib/gcc/arm-none-eabi/7.3.1/../../../../arm-none-eabi/lib/thumb/v6-m\libc_nano.a(lib_a-errno.o)
 .debug_frame   0x0000000000003050       0x2c c:/st/stm32cubeide_1.5.0/stm32cubeide/plugins/com.st.stm32cube.ide.mcu.externaltools.gnu-tools-for-stm32.7-2018-q2-update.win32_1.5.0.202011040924/tools/bin/../lib/gcc/arm-none-eabi/7.3.1/../../../../arm-none-eabi/lib/thumb/v6-m\libc_nano.a(lib_a-init.o)
 .debug_frame   0x000000000000307c       0x28 c:/st/stm32cubeide_1.5.0/stm32cubeide/plugins/com.st.stm32cube.ide.mcu.externaltools.gnu-tools-for-stm32.7-2018-q2-update.win32_1.5.0.202011040924/tools/bin/../lib/gcc/arm-none-eabi/7.3.1/../../../../arm-none-eabi/lib/thumb/v6-m\libc_nano.a(lib_a-memcpy-stub.o)
 .debug_frame   0x00000000000030a4       0x20 c:/st/stm32cubeide_1.5.0/stm32cubeide/plugins/com.st.stm32cube.ide.mcu.externaltools.gnu-tools-for-stm32.7-2018-q2-update.win32_1.5.0.202011040924/tools/bin/../lib/gcc/arm-none-eabi/7.3.1/../../../../arm-none-eabi/lib/thumb/v6-m\libc_nano.a(lib_a-memset.o)
 .debug_frame   0x00000000000030c4       0x48 c:/st/stm32cubeide_1.5.0/stm32cubeide/plugins/com.st.stm32cube.ide.mcu.externaltools.gnu-tools-for-stm32.7-2018-q2-update.win32_1.5.0.202011040924/tools/bin/../lib/gcc/arm-none-eabi/7.3.1/../../../../arm-none-eabi/lib/thumb/v6-m\libc_nano.a(lib_a-sprintf.o)
 .debug_frame   0x000000000000310c       0x28 c:/st/stm32cubeide_1.5.0/stm32cubeide/plugins/com.st.stm32cube.ide.mcu.externaltools.gnu-tools-for-stm32.7-2018-q2-update.win32_1.5.0.202011040924/tools/bin/../lib/gcc/arm-none-eabi/7.3.1/../../../../arm-none-eabi/lib/thumb/v6-m\libc_nano.a(lib_a-strcat.o)
 .debug_frame   0x0000000000003134       0x74 c:/st/stm32cubeide_1.5.0/stm32cubeide/plugins/com.st.stm32cube.ide.mcu.externaltools.gnu-tools-for-stm32.7-2018-q2-update.win32_1.5.0.202011040924/tools/bin/../lib/gcc/arm-none-eabi/7.3.1/../../../../arm-none-eabi/lib/thumb/v6-m\libc_nano.a(lib_a-nano-svfprintf.o)
 .debug_frame   0x00000000000031a8       0x54 c:/st/stm32cubeide_1.5.0/stm32cubeide/plugins/com.st.stm32cube.ide.mcu.externaltools.gnu-tools-for-stm32.7-2018-q2-update.win32_1.5.0.202011040924/tools/bin/../lib/gcc/arm-none-eabi/7.3.1/../../../../arm-none-eabi/lib/thumb/v6-m\libc_nano.a(lib_a-nano-vfprintf_i.o)
 .debug_frame   0x00000000000031fc       0x20 c:/st/stm32cubeide_1.5.0/stm32cubeide/plugins/com.st.stm32cube.ide.mcu.externaltools.gnu-tools-for-stm32.7-2018-q2-update.win32_1.5.0.202011040924/tools/bin/../lib/gcc/arm-none-eabi/7.3.1/../../../../arm-none-eabi/lib/thumb/v6-m\libc_nano.a(lib_a-memchr-stub.o)
 .debug_frame   0x000000000000321c       0x28 c:/st/stm32cubeide_1.5.0/stm32cubeide/plugins/com.st.stm32cube.ide.mcu.externaltools.gnu-tools-for-stm32.7-2018-q2-update.win32_1.5.0.202011040924/tools/bin/../lib/gcc/arm-none-eabi/7.3.1/../../../../arm-none-eabi/lib/thumb/v6-m\libc_nano.a(lib_a-memmove.o)
 .debug_frame   0x0000000000003244       0x2c c:/st/stm32cubeide_1.5.0/stm32cubeide/plugins/com.st.stm32cube.ide.mcu.externaltools.gnu-tools-for-stm32.7-2018-q2-update.win32_1.5.0.202011040924/tools/bin/../lib/gcc/arm-none-eabi/7.3.1/../../../../arm-none-eabi/lib/thumb/v6-m\libc_nano.a(lib_a-nano-freer.o)
 .debug_frame   0x0000000000003270       0x2c c:/st/stm32cubeide_1.5.0/stm32cubeide/plugins/com.st.stm32cube.ide.mcu.externaltools.gnu-tools-for-stm32.7-2018-q2-update.win32_1.5.0.202011040924/tools/bin/../lib/gcc/arm-none-eabi/7.3.1/../../../../arm-none-eabi/lib/thumb/v6-m\libc_nano.a(lib_a-nano-mallocr.o)
 .debug_frame   0x000000000000329c       0x30 c:/st/stm32cubeide_1.5.0/stm32cubeide/plugins/com.st.stm32cube.ide.mcu.externaltools.gnu-tools-for-stm32.7-2018-q2-update.win32_1.5.0.202011040924/tools/bin/../lib/gcc/arm-none-eabi/7.3.1/../../../../arm-none-eabi/lib/thumb/v6-m\libc_nano.a(lib_a-nano-reallocr.o)
 .debug_frame   0x00000000000032cc       0x2c c:/st/stm32cubeide_1.5.0/stm32cubeide/plugins/com.st.stm32cube.ide.mcu.externaltools.gnu-tools-for-stm32.7-2018-q2-update.win32_1.5.0.202011040924/tools/bin/../lib/gcc/arm-none-eabi/7.3.1/../../../../arm-none-eabi/lib/thumb/v6-m\libc_nano.a(lib_a-sbrkr.o)
 .debug_frame   0x00000000000032f8       0x30 c:/st/stm32cubeide_1.5.0/stm32cubeide/plugins/com.st.stm32cube.ide.mcu.externaltools.gnu-tools-for-stm32.7-2018-q2-update.win32_1.5.0.202011040924/tools/bin/../lib/gcc/arm-none-eabi/7.3.1/../../../../arm-none-eabi/lib/thumb/v6-m\libc_nano.a(lib_a-mlock.o)
 .debug_frame   0x0000000000003328       0x20 c:/st/stm32cubeide_1.5.0/stm32cubeide/plugins/com.st.stm32cube.ide.mcu.externaltools.gnu-tools-for-stm32.7-2018-q2-update.win32_1.5.0.202011040924/tools/bin/../lib/gcc/arm-none-eabi/7.3.1/../../../../arm-none-eabi/lib/thumb/v6-m\libc_nano.a(lib_a-nano-msizer.o)
 .debug_frame   0x0000000000003348       0x48 c:/st/stm32cubeide_1.5.0/stm32cubeide/plugins/com.st.stm32cube.ide.mcu.externaltools.gnu-tools-for-stm32.7-2018-q2-update.win32_1.5.0.202011040924/tools/bin/../lib/gcc/arm-none-eabi/7.3.1/../../../../arm-none-eabi/lib/thumb/v6-m\libc_nano.a(lib_a-reent.o)
 .debug_frame   0x0000000000003390       0x30 c:/st/stm32cubeide_1.5.0/stm32cubeide/plugins/com.st.stm32cube.ide.mcu.externaltools.gnu-tools-for-stm32.7-2018-q2-update.win32_1.5.0.202011040924/tools/bin/../lib/gcc/arm-none-eabi/7.3.1/../../../../arm-none-eabi/lib/thumb/v6-m\libm.a(lib_a-s_fmin.o)
 .debug_frame   0x00000000000033c0       0x2c c:/st/stm32cubeide_1.5.0/stm32cubeide/plugins/com.st.stm32cube.ide.mcu.externaltools.gnu-tools-for-stm32.7-2018-q2-update.win32_1.5.0.202011040924/tools/bin/../lib/gcc/arm-none-eabi/7.3.1/../../../../arm-none-eabi/lib/thumb/v6-m\libm.a(lib_a-s_fpclassify.o)
 .debug_frame   0x00000000000033ec       0x20 c:/st/stm32cubeide_1.5.0/stm32cubeide/plugins/com.st.stm32cube.ide.mcu.externaltools.gnu-tools-for-stm32.7-2018-q2-update.win32_1.5.0.202011040924/tools/bin/../lib/gcc/arm-none-eabi/7.3.1/thumb/v6-m\libgcc.a(_udivsi3.o)
 .debug_frame   0x000000000000340c       0x38 c:/st/stm32cubeide_1.5.0/stm32cubeide/plugins/com.st.stm32cube.ide.mcu.externaltools.gnu-tools-for-stm32.7-2018-q2-update.win32_1.5.0.202011040924/tools/bin/../lib/gcc/arm-none-eabi/7.3.1/thumb/v6-m\libgcc.a(eqdf2.o)
 .debug_frame   0x0000000000003444       0x38 c:/st/stm32cubeide_1.5.0/stm32cubeide/plugins/com.st.stm32cube.ide.mcu.externaltools.gnu-tools-for-stm32.7-2018-q2-update.win32_1.5.0.202011040924/tools/bin/../lib/gcc/arm-none-eabi/7.3.1/thumb/v6-m\libgcc.a(gedf2.o)
 .debug_frame   0x000000000000347c       0x38 c:/st/stm32cubeide_1.5.0/stm32cubeide/plugins/com.st.stm32cube.ide.mcu.externaltools.gnu-tools-for-stm32.7-2018-q2-update.win32_1.5.0.202011040924/tools/bin/../lib/gcc/arm-none-eabi/7.3.1/thumb/v6-m\libgcc.a(ledf2.o)
 .debug_frame   0x00000000000034b4       0x2c c:/st/stm32cubeide_1.5.0/stm32cubeide/plugins/com.st.stm32cube.ide.mcu.externaltools.gnu-tools-for-stm32.7-2018-q2-update.win32_1.5.0.202011040924/tools/bin/../lib/gcc/arm-none-eabi/7.3.1/thumb/v6-m\libgcc.a(floatsidf.o)
 .debug_frame   0x00000000000034e0       0x28 c:/st/stm32cubeide_1.5.0/stm32cubeide/plugins/com.st.stm32cube.ide.mcu.externaltools.gnu-tools-for-stm32.7-2018-q2-update.win32_1.5.0.202011040924/tools/bin/../lib/gcc/arm-none-eabi/7.3.1/thumb/v6-m\libgcc.a(floatunsidf.o)